stm32f4xx_hal_i2s.c:1503:26:I2S_WaitFlagStateUntilTimeout.constprop	24	static
stm32f4xx_hal_i2s.c:442:14:HAL_I2S_MspInit	0	static
stm32f4xx_hal_i2s.c:457:14:HAL_I2S_MspDeInit	0	static
stm32f4xx_hal_i2s.c:414:19:HAL_I2S_DeInit	8	static
stm32f4xx_hal_i2s.c:730:19:HAL_I2S_Transmit_IT	0	static
stm32f4xx_hal_i2s.c:797:19:HAL_I2S_Receive_IT	0	static
stm32f4xx_hal_i2s.c:862:19:HAL_I2S_Transmit_DMA	16	static
stm32f4xx_hal_i2s.c:945:19:HAL_I2S_Receive_DMA	24	static
stm32f4xx_hal_i2s.c:1027:19:HAL_I2S_DMAPause	0	static
stm32f4xx_hal_i2s.c:1063:19:HAL_I2S_DMAResume	12	static
stm32f4xx_hal_i2s.c:1113:19:HAL_I2S_DMAStop	16	static
stm32f4xx_hal_i2s.c:1167:6:HAL_I2S_IRQHandler	0	static
stm32f4xx_hal_i2s.c:1179:14:HAL_I2S_TxHalfCpltCallback	0	static
stm32f4xx_hal_i2s.c:1325:13:I2S_DMATxHalfCplt	8	static
stm32f4xx_hal_i2s.c:1194:14:HAL_I2S_TxCpltCallback	0	static
stm32f4xx_hal_i2s.c:1305:13:I2S_DMATxCplt	8	static
stm32f4xx_hal_i2s.c:1209:13:HAL_I2S_RxHalfCpltCallback	0	static
stm32f4xx_hal_i2s.c:1358:13:I2S_DMARxHalfCplt	8	static
stm32f4xx_hal_i2s.c:1224:13:HAL_I2S_RxCpltCallback	0	static
stm32f4xx_hal_i2s.c:1338:13:I2S_DMARxCplt	8	static
stm32f4xx_hal_i2s.c:1239:14:HAL_I2S_ErrorCallback	0	static
stm32f4xx_hal_i2s.c:217:19:HAL_I2S_Init	16	static
stm32f4xx_hal_i2s.c:1436:13:I2S_IRQHandler	24	static
stm32f4xx_hal_i2s.c:526:19:HAL_I2S_Transmit	24	static
stm32f4xx_hal_i2s.c:625:19:HAL_I2S_Receive	24	static
stm32f4xx_hal_i2s.c:1371:13:I2S_DMAError	8	static
stm32f4xx_hal_i2s.c:1273:22:HAL_I2S_GetState	0	static
stm32f4xx_hal_i2s.c:1284:10:HAL_I2S_GetError	0	static
