stm32f4xx_hal_dac.c:305:13:HAL_DAC_MspInit	0	static
stm32f4xx_hal_dac.c:232:19:HAL_DAC_Init	8	static
stm32f4xx_hal_dac.c:320:13:HAL_DAC_MspDeInit	0	static
stm32f4xx_hal_dac.c:269:19:HAL_DAC_DeInit	8	static
stm32f4xx_hal_dac.c:361:19:HAL_DAC_Start	8	static
stm32f4xx_hal_dac.c:420:19:HAL_DAC_Stop	8	static
stm32f4xx_hal_dac.c:452:19:HAL_DAC_Start_DMA	24	static
stm32f4xx_hal_dac.c:571:19:HAL_DAC_Stop_DMA	8	static
stm32f4xx_hal_dac.c:621:10:HAL_DAC_GetValue	0	static
stm32f4xx_hal_dac.c:689:13:HAL_DAC_ConvCpltCallbackCh1	0	static
stm32f4xx_hal_dac.c:909:13:DAC_DMAConvCpltCh1	8	static
stm32f4xx_hal_dac.c:704:13:HAL_DAC_ConvHalfCpltCallbackCh1	0	static
stm32f4xx_hal_dac.c:924:13:DAC_DMAHalfConvCpltCh1	8	static
stm32f4xx_hal_dac.c:719:13:HAL_DAC_ErrorCallbackCh1	0	static
stm32f4xx_hal_dac.c:937:13:DAC_DMAErrorCh1	8	static
stm32f4xx_hal_dac.c:734:13:HAL_DAC_DMAUnderrunCallbackCh1	0	static
stm32f4xx_hal_dac.c:643:6:HAL_DAC_IRQHandler	8	static
stm32f4xx_hal_dac.c:773:19:HAL_DAC_ConfigChannel	16	static
stm32f4xx_hal_dac.c:829:19:HAL_DAC_SetValue	16	static
stm32f4xx_hal_dac.c:881:22:HAL_DAC_GetState	0	static
stm32f4xx_hal_dac.c:894:10:HAL_DAC_GetError	0	static
