Archive member included to satisfy reference by file (symbol)

C:\Users\Charly\Atollic\TrueSTUDIO\ARM_workspace_7.1\MicrofonoRevB\Src\libPrueba2.a(ST7735_Driver.o)
                              Src\main.o (ST7735_enInit)
C:\Users\Charly\Atollic\TrueSTUDIO\ARM_workspace_7.1\MicrofonoRevB\Src\libPrueba2.a(ST7735_Fonts.o)
                              C:\Users\Charly\Atollic\TrueSTUDIO\ARM_workspace_7.1\MicrofonoRevB\Src\libPrueba2.a(ST7735_Driver.o) (rchStrFont)
c:/program files (x86)/atollic/truestudio for arm 7.1.1/armtools/bin/../lib/gcc/arm-atollic-eabi/5.3.1/../../../../arm-atollic-eabi/lib/armv7e-m/fpu\libc_nano.a(lib_a-init.o)
                              startup\startup_stm32f407xx.o (__libc_init_array)
c:/program files (x86)/atollic/truestudio for arm 7.1.1/armtools/bin/../lib/gcc/arm-atollic-eabi/5.3.1/../../../../arm-atollic-eabi/lib/armv7e-m/fpu\libc_nano.a(lib_a-sprintf.o)
                              Src\main.o (sprintf)
c:/program files (x86)/atollic/truestudio for arm 7.1.1/armtools/bin/../lib/gcc/arm-atollic-eabi/5.3.1/../../../../arm-atollic-eabi/lib/armv7e-m/fpu\libc_nano.a(lib_a-impure.o)
                              c:/program files (x86)/atollic/truestudio for arm 7.1.1/armtools/bin/../lib/gcc/arm-atollic-eabi/5.3.1/../../../../arm-atollic-eabi/lib/armv7e-m/fpu\libc_nano.a(lib_a-sprintf.o) (_impure_ptr)
c:/program files (x86)/atollic/truestudio for arm 7.1.1/armtools/bin/../lib/gcc/arm-atollic-eabi/5.3.1/../../../../arm-atollic-eabi/lib/armv7e-m/fpu\libc_nano.a(lib_a-nano-svfprintf.o)
                              c:/program files (x86)/atollic/truestudio for arm 7.1.1/armtools/bin/../lib/gcc/arm-atollic-eabi/5.3.1/../../../../arm-atollic-eabi/lib/armv7e-m/fpu\libc_nano.a(lib_a-sprintf.o) (_svfprintf_r)
c:/program files (x86)/atollic/truestudio for arm 7.1.1/armtools/bin/../lib/gcc/arm-atollic-eabi/5.3.1/../../../../arm-atollic-eabi/lib/armv7e-m/fpu\libc_nano.a(lib_a-nano-vfprintf_i.o)
                              c:/program files (x86)/atollic/truestudio for arm 7.1.1/armtools/bin/../lib/gcc/arm-atollic-eabi/5.3.1/../../../../arm-atollic-eabi/lib/armv7e-m/fpu\libc_nano.a(lib_a-nano-svfprintf.o) (_printf_i)
c:/program files (x86)/atollic/truestudio for arm 7.1.1/armtools/bin/../lib/gcc/arm-atollic-eabi/5.3.1/../../../../arm-atollic-eabi/lib/armv7e-m/fpu\libc_nano.a(lib_a-memchr.o)
                              c:/program files (x86)/atollic/truestudio for arm 7.1.1/armtools/bin/../lib/gcc/arm-atollic-eabi/5.3.1/../../../../arm-atollic-eabi/lib/armv7e-m/fpu\libc_nano.a(lib_a-nano-svfprintf.o) (memchr)
c:/program files (x86)/atollic/truestudio for arm 7.1.1/armtools/bin/../lib/gcc/arm-atollic-eabi/5.3.1/../../../../arm-atollic-eabi/lib/armv7e-m/fpu\libc_nano.a(lib_a-memcpy-stub.o)
                              c:/program files (x86)/atollic/truestudio for arm 7.1.1/armtools/bin/../lib/gcc/arm-atollic-eabi/5.3.1/../../../../arm-atollic-eabi/lib/armv7e-m/fpu\libc_nano.a(lib_a-nano-svfprintf.o) (memcpy)
c:/program files (x86)/atollic/truestudio for arm 7.1.1/armtools/bin/../lib/gcc/arm-atollic-eabi/5.3.1/../../../../arm-atollic-eabi/lib/armv7e-m/fpu\libc_nano.a(lib_a-memmove.o)
                              c:/program files (x86)/atollic/truestudio for arm 7.1.1/armtools/bin/../lib/gcc/arm-atollic-eabi/5.3.1/../../../../arm-atollic-eabi/lib/armv7e-m/fpu\libc_nano.a(lib_a-nano-svfprintf.o) (memmove)
c:/program files (x86)/atollic/truestudio for arm 7.1.1/armtools/bin/../lib/gcc/arm-atollic-eabi/5.3.1/../../../../arm-atollic-eabi/lib/armv7e-m/fpu\libc_nano.a(lib_a-nano-freer.o)
                              c:/program files (x86)/atollic/truestudio for arm 7.1.1/armtools/bin/../lib/gcc/arm-atollic-eabi/5.3.1/../../../../arm-atollic-eabi/lib/armv7e-m/fpu\libc_nano.a(lib_a-nano-svfprintf.o) (_free_r)
c:/program files (x86)/atollic/truestudio for arm 7.1.1/armtools/bin/../lib/gcc/arm-atollic-eabi/5.3.1/../../../../arm-atollic-eabi/lib/armv7e-m/fpu\libc_nano.a(lib_a-nano-mallocr.o)
                              c:/program files (x86)/atollic/truestudio for arm 7.1.1/armtools/bin/../lib/gcc/arm-atollic-eabi/5.3.1/../../../../arm-atollic-eabi/lib/armv7e-m/fpu\libc_nano.a(lib_a-nano-svfprintf.o) (_malloc_r)
c:/program files (x86)/atollic/truestudio for arm 7.1.1/armtools/bin/../lib/gcc/arm-atollic-eabi/5.3.1/../../../../arm-atollic-eabi/lib/armv7e-m/fpu\libc_nano.a(lib_a-nano-reallocr.o)
                              c:/program files (x86)/atollic/truestudio for arm 7.1.1/armtools/bin/../lib/gcc/arm-atollic-eabi/5.3.1/../../../../arm-atollic-eabi/lib/armv7e-m/fpu\libc_nano.a(lib_a-nano-svfprintf.o) (_realloc_r)
c:/program files (x86)/atollic/truestudio for arm 7.1.1/armtools/bin/../lib/gcc/arm-atollic-eabi/5.3.1/../../../../arm-atollic-eabi/lib/armv7e-m/fpu\libc_nano.a(lib_a-sbrkr.o)
[...]
Memory Configuration

Name             Origin             Length             Attributes
RAM              0x20000000         0x00020000         xrw
CCMRAM           0x10000000         0x00010000         rw
FLASH            0x08000000         0x00100000         xr
*default*        0x00000000         0xffffffff

Linker script and memory map

LOAD c:/program files (x86)/atollic/truestudio for arm 7.1.1/armtools/bin/../lib/gcc/arm-atollic-eabi/5.3.1/armv7e-m/fpu/crti.o
LOAD c:/program files (x86)/atollic/truestudio for arm 7.1.1/armtools/bin/../lib/gcc/arm-atollic-eabi/5.3.1/armv7e-m/fpu/crtbegin.o
LOAD Drivers\STM32F4xx_HAL_Driver\Src\stm32f4xx_hal.o
LOAD Drivers\STM32F4xx_HAL_Driver\Src\stm32f4xx_hal_cortex.o
LOAD Drivers\STM32F4xx_HAL_Driver\Src\stm32f4xx_hal_dac.o
LOAD Drivers\STM32F4xx_HAL_Driver\Src\stm32f4xx_hal_dac_ex.o
LOAD Drivers\STM32F4xx_HAL_Driver\Src\stm32f4xx_hal_dma.o
LOAD Drivers\STM32F4xx_HAL_Driver\Src\stm32f4xx_hal_dma_ex.o
LOAD Drivers\STM32F4xx_HAL_Driver\Src\stm32f4xx_hal_flash.o
LOAD Drivers\STM32F4xx_HAL_Driver\Src\stm32f4xx_hal_flash_ex.o
LOAD Drivers\STM32F4xx_HAL_Driver\Src\stm32f4xx_hal_flash_ramfunc.o
LOAD Drivers\STM32F4xx_HAL_Driver\Src\stm32f4xx_hal_gpio.o
LOAD Drivers\STM32F4xx_HAL_Driver\Src\stm32f4xx_hal_i2s.o
LOAD Drivers\STM32F4xx_HAL_Driver\Src\stm32f4xx_hal_i2s_ex.o
LOAD Drivers\STM32F4xx_HAL_Driver\Src\stm32f4xx_hal_pwr.o
LOAD Drivers\STM32F4xx_HAL_Driver\Src\stm32f4xx_hal_pwr_ex.o
LOAD Drivers\STM32F4xx_HAL_Driver\Src\stm32f4xx_hal_rcc.o
LOAD Drivers\STM32F4xx_HAL_Driver\Src\stm32f4xx_hal_rcc_ex.o
LOAD Drivers\STM32F4xx_HAL_Driver\Src\stm32f4xx_hal_spi.o
LOAD Drivers\STM32F4xx_HAL_Driver\Src\stm32f4xx_hal_tim.o
LOAD Drivers\STM32F4xx_HAL_Driver\Src\stm32f4xx_hal_tim_ex.o
LOAD Drivers\STM32F4xx_HAL_Driver\Src\stm32f4xx_hal_uart.o
LOAD Src\main.o
LOAD Src\stm32f4xx_hal_msp.o
LOAD Src\stm32f4xx_it.o
LOAD Src\system_stm32f4xx.o
LOAD startup\startup_stm32f407xx.o
LOAD C:\Users\Charly\Atollic\TrueSTUDIO\ARM_workspace_7.1\MicrofonoRevB\Src\libPrueba2.a
LOAD C:\Users\Charly\Atollic\TrueSTUDIO\ARM_workspace_7.1\MicrofonoRevB\Src\libarm_cortexM4lf_math.a
LOAD C:\Users\Charly\Atollic\TrueSTUDIO\ARM_workspace_7.1\MicrofonoRevB\Src\libarm_cortexM4l_math.a
LOAD C:\Users\Charly\Atollic\TrueSTUDIO\ARM_workspace_7.1\MicrofonoRevB\Src\libPDMFilter_CM4F_GCC.a
START GROUP
LOAD c:/program files (x86)/atollic/truestudio for arm 7.1.1/armtools/bin/../lib/gcc/arm-atollic-eabi/5.3.1/../../../../arm-atollic-eabi/lib/armv7e-m/fpu\libc_nano.a
LOAD c:/program files (x86)/atollic/truestudio for arm 7.1.1/armtools/bin/../lib/gcc/arm-atollic-eabi/5.3.1/../../../../arm-atollic-eabi/lib/armv7e-m/fpu\libm.a
END GROUP
                0x00000080                malloc_getpagesize_P = 0x80
START GROUP
LOAD c:/program files (x86)/atollic/truestudio for arm 7.1.1/armtools/bin/../lib/gcc/arm-atollic-eabi/5.3.1/armv7e-m/fpu\libgcc.a
LOAD c:/program files (x86)/atollic/truestudio for arm 7.1.1/armtools/bin/../lib/gcc/arm-atollic-eabi/5.3.1/../../../../arm-atollic-eabi/lib/armv7e-m/fpu\libc_nano.a
END GROUP
START GROUP
LOAD c:/program files (x86)/atollic/truestudio for arm 7.1.1/armtools/bin/../lib/gcc/arm-atollic-eabi/5.3.1/armv7e-m/fpu\libgcc.a
LOAD c:/program files (x86)/atollic/truestudio for arm 7.1.1/armtools/bin/../lib/gcc/arm-atollic-eabi/5.3.1/../../../../arm-atollic-eabi/lib/armv7e-m/fpu\libc_nano.a
LOAD c:/program files (x86)/atollic/truestudio for arm 7.1.1/armtools/bin/../lib/gcc/arm-atollic-eabi/5.3.1/../../../../arm-atollic-eabi/lib/armv7e-m/fpu\libnosys.a
END GROUP
START GROUP
LOAD c:/program files (x86)/atollic/truestudio for arm 7.1.1/armtools/bin/../lib/gcc/arm-atollic-eabi/5.3.1/armv7e-m/fpu\libgcc.a
LOAD c:/program files (x86)/atollic/truestudio for arm 7.1.1/armtools/bin/../lib/gcc/arm-atollic-eabi/5.3.1/../../../../arm-atollic-eabi/lib/armv7e-m/fpu\libc_nano.a
LOAD c:/program files (x86)/atollic/truestudio for arm 7.1.1/armtools/bin/../lib/gcc/arm-atollic-eabi/5.3.1/../../../../arm-atollic-eabi/lib/armv7e-m/fpu\libnosys.a
END GROUP
LOAD c:/program files (x86)/atollic/truestudio for arm 7.1.1/armtools/bin/../lib/gcc/arm-atollic-eabi/5.3.1/armv7e-m/fpu/crtend.o
LOAD c:/program files (x86)/atollic/truestudio for arm 7.1.1/armtools/bin/../lib/gcc/arm-atollic-eabi/5.3.1/armv7e-m/fpu/crtn.o
                0x20020000                _estack = 0x20020000
                0x00000200                _Min_Heap_Size = 0x200
                0x00000400                _Min_Stack_Size = 0x400

.isr_vector     0x08000000      0x188
                0x08000000                . = ALIGN (0x4)
 *(.isr_vector)
 .isr_vector    0x08000000      0x188 startup\startup_stm32f407xx.o
                0x08000000                g_pfnVectors
                0x08000188                . = ALIGN (0x4)

.text           0x08000190     0x3658
                0x08000190                . = ALIGN (0x4)
 *(.text)
 .text          0x08000190       0x40 c:/program files (x86)/atollic/truestudio for arm 7.1.1/armtools/bin/../lib/gcc/arm-atollic-eabi/5.3.1/armv7e-m/fpu/crtbegin.o
 .text          0x080001d0       0xa0 c:/program files (x86)/atollic/truestudio for arm 7.1.1/armtools/bin/../lib/gcc/arm-atollic-eabi/5.3.1/../../../../arm-atollic-eabi/lib/armv7e-m/fpu\libc_nano.a(lib_a-memchr.o)
                0x080001d0                memchr
 *(.text*)
 .text.HAL_InitTick
                0x08000270       0x28 Drivers\STM32F4xx_HAL_Driver\Src\stm32f4xx_hal.o
                0x08000270                HAL_InitTick
 .text.HAL_Init
                0x08000298       0x34 Drivers\STM32F4xx_HAL_Driver\Src\stm32f4xx_hal.o
                0x08000298                HAL_Init
 .text.HAL_IncTick
                0x080002cc       0x10 Drivers\STM32F4xx_HAL_Driver\Src\stm32f4xx_hal.o
                0x080002cc                HAL_IncTick
 .text.HAL_GetTick
                0x080002dc        0xc Drivers\STM32F4xx_HAL_Driver\Src\stm32f4xx_hal.o
                0x080002dc                HAL_GetTick
 .text.HAL_Delay
                0x080002e8       0x20 Drivers\STM32F4xx_HAL_Driver\Src\stm32f4xx_hal.o
                0x080002e8                HAL_Delay
 .text.HAL_NVIC_SetPriorityGrouping
                0x08000308       0x24 Drivers\STM32F4xx_HAL_Driver\Src\stm32f4xx_hal_cortex.o
                0x08000308                HAL_NVIC_SetPriorityGrouping
 .text.HAL_NVIC_SetPriority
                0x0800032c       0x68 Drivers\STM32F4xx_HAL_Driver\Src\stm32f4xx_hal_cortex.o
                0x0800032c                HAL_NVIC_SetPriority
 .text.HAL_NVIC_EnableIRQ
                0x08000394       0x18 Drivers\STM32F4xx_HAL_Driver\Src\stm32f4xx_hal_cortex.o
                0x08000394                HAL_NVIC_EnableIRQ
 .text.HAL_SYSTICK_Config
                0x080003ac       0x2c Drivers\STM32F4xx_HAL_Driver\Src\stm32f4xx_hal_cortex.o
                0x080003ac                HAL_SYSTICK_Config
 .text.HAL_SYSTICK_CLKSourceConfig
                0x080003d8       0x18 Drivers\STM32F4xx_HAL_Driver\Src\stm32f4xx_hal_cortex.o
                0x080003d8                HAL_SYSTICK_CLKSourceConfig
 .text.HAL_SYSTICK_Callback
                0x080003f0        0x2 Drivers\STM32F4xx_HAL_Driver\Src\stm32f4xx_hal_cortex.o
                0x080003f0                HAL_SYSTICK_Callback
 .text.HAL_SYSTICK_IRQHandler
                0x080003f2        0x8 Drivers\STM32F4xx_HAL_Driver\Src\stm32f4xx_hal_cortex.o
                0x080003f2                HAL_SYSTICK_IRQHandler
 .text.HAL_DAC_Init
                0x080003fa       0x26 Drivers\STM32F4xx_HAL_Driver\Src\stm32f4xx_hal_dac.o
                0x080003fa                HAL_DAC_Init
 .text.HAL_DAC_DMAUnderrunCallbackCh1
                0x08000420        0x2 Drivers\STM32F4xx_HAL_Driver\Src\stm32f4xx_hal_dac.o
                0x08000420                HAL_DAC_DMAUnderrunCallbackCh1
 .text.HAL_DAC_IRQHandler
                0x08000422       0x58 Drivers\STM32F4xx_HAL_Driver\Src\stm32f4xx_hal_dac.o
                0x08000422                HAL_DAC_IRQHandler
 .text.HAL_DAC_ConfigChannel
                0x0800047a       0x42 Drivers\STM32F4xx_HAL_Driver\Src\stm32f4xx_hal_dac.o
                0x0800047a                HAL_DAC_ConfigChannel
 .text.HAL_DACEx_DMAUnderrunCallbackCh2
                0x080004bc        0x2 Drivers\STM32F4xx_HAL_Driver\Src\stm32f4xx_hal_dac_ex.o
                0x080004bc                HAL_DACEx_DMAUnderrunCallbackCh2
 *fill*         0x080004be        0x2 
 .text.DMA_CalcBaseAndBitshift
                0x080004c0       0x2c Drivers\STM32F4xx_HAL_Driver\Src\stm32f4xx_hal_dma.o
 .text.HAL_DMA_Init
                0x080004ec       0xec Drivers\STM32F4xx_HAL_Driver\Src\stm32f4xx_hal_dma.o
                0x080004ec                HAL_DMA_Init
 .text.HAL_DMA_Abort_IT
                0x080005d8       0x24 Drivers\STM32F4xx_HAL_Driver\Src\stm32f4xx_hal_dma.o
                0x080005d8                HAL_DMA_Abort_IT
 .text.HAL_DMA_IRQHandler
                0x080005fc      0x17c Drivers\STM32F4xx_HAL_Driver\Src\stm32f4xx_hal_dma.o
                0x080005fc                HAL_DMA_IRQHandler
 .text.HAL_GPIO_Init
                0x08000778      0x1c0 Drivers\STM32F4xx_HAL_Driver\Src\stm32f4xx_hal_gpio.o
                0x08000778                HAL_GPIO_Init
 .text.HAL_GPIO_WritePin
                0x08000938        0x8 Drivers\STM32F4xx_HAL_Driver\Src\stm32f4xx_hal_gpio.o
                0x08000938                HAL_GPIO_WritePin
 .text.HAL_GPIO_TogglePin
                0x08000940        0x8 Drivers\STM32F4xx_HAL_Driver\Src\stm32f4xx_hal_gpio.o
                0x08000940                HAL_GPIO_TogglePin
 .text.I2S_WaitFlagStateUntilTimeout.constprop.1
                0x08000948       0x3e Drivers\STM32F4xx_HAL_Driver\Src\stm32f4xx_hal_i2s.o
 .text.HAL_I2S_TxCpltCallback
                0x08000986        0x2 Drivers\STM32F4xx_HAL_Driver\Src\stm32f4xx_hal_i2s.o
                0x08000986                HAL_I2S_TxCpltCallback
 .text.HAL_I2S_RxCpltCallback
                0x08000988        0x2 Drivers\STM32F4xx_HAL_Driver\Src\stm32f4xx_hal_i2s.o
                0x08000988                HAL_I2S_RxCpltCallback
 .text.HAL_I2S_ErrorCallback
                0x0800098a        0x2 Drivers\STM32F4xx_HAL_Driver\Src\stm32f4xx_hal_i2s.o
                0x0800098a                HAL_I2S_ErrorCallback
 .text.HAL_I2S_Init
                0x0800098c      0x128 Drivers\STM32F4xx_HAL_Driver\Src\stm32f4xx_hal_i2s.o
                0x0800098c                HAL_I2S_Init
 .text.I2S_IRQHandler
                0x08000ab4      0x102 Drivers\STM32F4xx_HAL_Driver\Src\stm32f4xx_hal_i2s.o
 .text.HAL_I2S_Receive
                0x08000bb6       0xea Drivers\STM32F4xx_HAL_Driver\Src\stm32f4xx_hal_i2s.o
                0x08000bb6                HAL_I2S_Receive
 .text.HAL_I2SEx_TxRxCpltCallback
                0x08000ca0        0x2 Drivers\STM32F4xx_HAL_Driver\Src\stm32f4xx_hal_i2s_ex.o
                0x08000ca0                HAL_I2SEx_TxRxCpltCallback
 *fill*         0x08000ca2        0x2 
 .text.HAL_I2SEx_FullDuplex_IRQHandler
                0x08000ca4      0x29c Drivers\STM32F4xx_HAL_Driver\Src\stm32f4xx_hal_i2s_ex.o
                0x08000ca4                HAL_I2SEx_FullDuplex_IRQHandler
 .text.HAL_RCC_OscConfig
                0x08000f40      0x31c Drivers\STM32F4xx_HAL_Driver\Src\stm32f4xx_hal_rcc.o
                0x08000f40                HAL_RCC_OscConfig
 .text.HAL_RCC_GetSysClockFreq
                0x0800125c       0x7c Drivers\STM32F4xx_HAL_Driver\Src\stm32f4xx_hal_rcc.o
                0x0800125c                HAL_RCC_GetSysClockFreq
 .text.HAL_RCC_ClockConfig
                0x080012d8      0x168 Drivers\STM32F4xx_HAL_Driver\Src\stm32f4xx_hal_rcc.o
                0x080012d8                HAL_RCC_ClockConfig
 .text.HAL_RCC_GetHCLKFreq
                0x08001440        0xc Drivers\STM32F4xx_HAL_Driver\Src\stm32f4xx_hal_rcc.o
                0x08001440                HAL_RCC_GetHCLKFreq
 .text.HAL_RCC_GetPCLK1Freq
                0x0800144c       0x30 Drivers\STM32F4xx_HAL_Driver\Src\stm32f4xx_hal_rcc.o
                0x0800144c                HAL_RCC_GetPCLK1Freq
 .text.HAL_RCC_GetPCLK2Freq
                0x0800147c       0x30 Drivers\STM32F4xx_HAL_Driver\Src\stm32f4xx_hal_rcc.o
                0x0800147c                HAL_RCC_GetPCLK2Freq
 .text.HAL_RCCEx_PeriphCLKConfig
                0x080014ac      0x150 Drivers\STM32F4xx_HAL_Driver\Src\stm32f4xx_hal_rcc_ex.o
                0x080014ac                HAL_RCCEx_PeriphCLKConfig
 .text.HAL_RCCEx_GetPeriphCLKFreq
                0x080015fc       0x5c Drivers\STM32F4xx_HAL_Driver\Src\stm32f4xx_hal_rcc_ex.o
                0x080015fc                HAL_RCCEx_GetPeriphCLKFreq
 .text.SPI_WaitFlagStateUntilTimeout
                0x08001658       0x8e Drivers\STM32F4xx_HAL_Driver\Src\stm32f4xx_hal_spi.o
 .text.SPI_CheckFlag_BSY
                0x080016e6       0x20 Drivers\STM32F4xx_HAL_Driver\Src\stm32f4xx_hal_spi.o
 .text.HAL_SPI_Init
                0x08001706       0x7a Drivers\STM32F4xx_HAL_Driver\Src\stm32f4xx_hal_spi.o
                0x08001706                HAL_SPI_Init
 .text.HAL_SPI_Transmit
                0x08001780      0x15a Drivers\STM32F4xx_HAL_Driver\Src\stm32f4xx_hal_spi.o
                0x08001780                HAL_SPI_Transmit
 .text.HAL_TIM_OC_DelayElapsedCallback
                0x080018da        0x2 Drivers\STM32F4xx_HAL_Driver\Src\stm32f4xx_hal_tim.o
                0x080018da                HAL_TIM_OC_DelayElapsedCallback
 .text.HAL_TIM_IC_CaptureCallback
                0x080018dc        0x2 Drivers\STM32F4xx_HAL_Driver\Src\stm32f4xx_hal_tim.o
                0x080018dc                HAL_TIM_IC_CaptureCallback
 .text.HAL_TIM_PWM_PulseFinishedCallback
                0x080018de        0x2 Drivers\STM32F4xx_HAL_Driver\Src\stm32f4xx_hal_tim.o
                0x080018de                HAL_TIM_PWM_PulseFinishedCallback
 .text.HAL_TIM_TriggerCallback
                0x080018e0        0x2 Drivers\STM32F4xx_HAL_Driver\Src\stm32f4xx_hal_tim.o
                0x080018e0                HAL_TIM_TriggerCallback
 .text.HAL_TIM_IRQHandler
                0x080018e2      0x144 Drivers\STM32F4xx_HAL_Driver\Src\stm32f4xx_hal_tim.o
                0x080018e2                HAL_TIM_IRQHandler
 *fill*         0x08001a26        0x2 
 .text.TIM_Base_SetConfig
                0x08001a28       0xc8 Drivers\STM32F4xx_HAL_Driver\Src\stm32f4xx_hal_tim.o
                0x08001a28                TIM_Base_SetConfig
 .text.HAL_TIM_Base_Init
                0x08001af0       0x34 Drivers\STM32F4xx_HAL_Driver\Src\stm32f4xx_hal_tim.o
                0x08001af0                HAL_TIM_Base_Init
 .text.HAL_TIMEx_MasterConfigSynchronization
                0x08001b24       0x44 Drivers\STM32F4xx_HAL_Driver\Src\stm32f4xx_hal_tim_ex.o
                0x08001b24                HAL_TIMEx_MasterConfigSynchronization
 .text.HAL_TIMEx_CommutationCallback
                0x08001b68        0x2 Drivers\STM32F4xx_HAL_Driver\Src\stm32f4xx_hal_tim_ex.o
                0x08001b68                HAL_TIMEx_CommutationCallback
 .text.HAL_TIMEx_BreakCallback
                0x08001b6a        0x2 Drivers\STM32F4xx_HAL_Driver\Src\stm32f4xx_hal_tim_ex.o
                0x08001b6a                HAL_TIMEx_BreakCallback
 .text.UART_EndRxTransfer
                0x08001b6c       0x1a Drivers\STM32F4xx_HAL_Driver\Src\stm32f4xx_hal_uart.o
 *fill*         0x08001b86        0x2 
 .text.UART_SetConfig
                0x08001b88      0x23c Drivers\STM32F4xx_HAL_Driver\Src\stm32f4xx_hal_uart.o
 .text.HAL_UART_Init
                0x08001dc4       0x5c Drivers\STM32F4xx_HAL_Driver\Src\stm32f4xx_hal_uart.o
                0x08001dc4                HAL_UART_Init
 .text.HAL_UART_TxCpltCallback
                0x08001e20        0x2 Drivers\STM32F4xx_HAL_Driver\Src\stm32f4xx_hal_uart.o
                0x08001e20                HAL_UART_TxCpltCallback
 .text.HAL_UART_RxCpltCallback
                0x08001e22        0x2 Drivers\STM32F4xx_HAL_Driver\Src\stm32f4xx_hal_uart.o
                0x08001e22                HAL_UART_RxCpltCallback
 .text.UART_Receive_IT
                0x08001e24       0x78 Drivers\STM32F4xx_HAL_Driver\Src\stm32f4xx_hal_uart.o
 .text.HAL_UART_ErrorCallback
                0x08001e9c        0x2 Drivers\STM32F4xx_HAL_Driver\Src\stm32f4xx_hal_uart.o
                0x08001e9c                HAL_UART_ErrorCallback
 *fill*         0x08001e9e        0x2 
 .text.HAL_UART_IRQHandler
                0x08001ea0      0x140 Drivers\STM32F4xx_HAL_Driver\Src\stm32f4xx_hal_uart.o
                0x08001ea0                HAL_UART_IRQHandler
 .text.UART_DMAAbortOnError
                0x08001fe0       0x10 Drivers\STM32F4xx_HAL_Driver\Src\stm32f4xx_hal_uart.o
 .text.pfSPI_WRITE
                0x08001ff0       0x10 Src\main.o
                0x08001ff0                pfSPI_WRITE
 .text.pfDELAY_MS
                0x08002000        0x8 Src\main.o
                0x08002000                pfDELAY_MS
 .text.pfTFT_CS_GPIO
                0x08002008       0x28 Src\main.o
                0x08002008                pfTFT_CS_GPIO
 .text.pfTFT_RS_GPIO
                0x08002030       0x24 Src\main.o
                0x08002030                pfTFT_RS_GPIO
 .text.pfTFT_RESET_GPIO
                0x08002054       0x24 Src\main.o
                0x08002054                pfTFT_RESET_GPIO
 .text.SystemClock_Config
                0x08002078       0xbc Src\main.o
                0x08002078                SystemClock_Config
 .text.bintofloat
                0x08002134       0x32 Src\main.o
                0x08002134                bintofloat
 *fill*         0x08002166        0x2 
 .text.startup.main
                0x08002168      0x370 Src\main.o
                0x08002168                main
 .text.HAL_TIM_PeriodElapsedCallback
                0x080024d8       0x1c Src\main.o
                0x080024d8                HAL_TIM_PeriodElapsedCallback
 .text._Error_Handler
                0x080024f4        0x2 Src\main.o
                0x080024f4                _Error_Handler
 .text.HAL_MspInit
                0x080024f6       0x60 Src\stm32f4xx_hal_msp.o
                0x080024f6                HAL_MspInit
 *fill*         0x08002556        0x2 
 .text.HAL_DAC_MspInit
                0x08002558       0xa0 Src\stm32f4xx_hal_msp.o
                0x08002558                HAL_DAC_MspInit
 .text.HAL_I2S_MspInit
                0x080025f8       0x7c Src\stm32f4xx_hal_msp.o
                0x080025f8                HAL_I2S_MspInit
 .text.HAL_SPI_MspInit
                0x08002674       0x4c Src\stm32f4xx_hal_msp.o
                0x08002674                HAL_SPI_MspInit
 .text.HAL_TIM_Base_MspInit
                0x080026c0       0x6c Src\stm32f4xx_hal_msp.o
                0x080026c0                HAL_TIM_Base_MspInit
 .text.HAL_UART_MspInit
                0x0800272c       0x60 Src\stm32f4xx_hal_msp.o
                0x0800272c                HAL_UART_MspInit
 .text.NMI_Handler
                0x0800278c        0x2 Src\stm32f4xx_it.o
                0x0800278c                NMI_Handler
 .text.HardFault_Handler
                0x0800278e        0x2 Src\stm32f4xx_it.o
                0x0800278e                HardFault_Handler
 .text.MemManage_Handler
                0x08002790        0x2 Src\stm32f4xx_it.o
                0x08002790                MemManage_Handler
 .text.BusFault_Handler
                0x08002792        0x2 Src\stm32f4xx_it.o
                0x08002792                BusFault_Handler
 .text.UsageFault_Handler
                0x08002794        0x2 Src\stm32f4xx_it.o
                0x08002794                UsageFault_Handler
 .text.SVC_Handler
                0x08002796        0x2 Src\stm32f4xx_it.o
                0x08002796                SVC_Handler
 .text.DebugMon_Handler
                0x08002798        0x2 Src\stm32f4xx_it.o
                0x08002798                DebugMon_Handler
 .text.PendSV_Handler
                0x0800279a        0x2 Src\stm32f4xx_it.o
                0x0800279a                PendSV_Handler
 .text.SysTick_Handler
                0x0800279c        0xe Src\stm32f4xx_it.o
                0x0800279c                SysTick_Handler
 *fill*         0x080027aa        0x2 
 .text.DMA1_Stream5_IRQHandler
                0x080027ac        0xc Src\stm32f4xx_it.o
                0x080027ac                DMA1_Stream5_IRQHandler
 .text.USART3_IRQHandler
                0x080027b8        0xc Src\stm32f4xx_it.o
                0x080027b8                USART3_IRQHandler
 .text.TIM6_DAC_IRQHandler
                0x080027c4       0x1c Src\stm32f4xx_it.o
                0x080027c4                TIM6_DAC_IRQHandler
 .text.TIM7_IRQHandler
                0x080027e0        0xc Src\stm32f4xx_it.o
                0x080027e0                TIM7_IRQHandler
 .text.SystemInit
                0x080027ec       0x4c Src\system_stm32f4xx.o
                0x080027ec                SystemInit
 .text.Reset_Handler
                0x08002838       0x50 startup\startup_stm32f407xx.o
                0x08002838                Reset_Handler
 .text.Default_Handler
                0x08002888        0x2 startup\startup_stm32f407xx.o
                0x08002888                RTC_Alarm_IRQHandler
                0x08002888                HASH_RNG_IRQHandler
                0x08002888                EXTI2_IRQHandler
                0x08002888                TIM8_CC_IRQHandler
                0x08002888                TIM1_CC_IRQHandler
                0x08002888                DMA2_Stream5_IRQHandler
                0x08002888                PVD_IRQHandler
                0x08002888                SDIO_IRQHandler
                0x08002888                TAMP_STAMP_IRQHandler
                0x08002888                CAN2_RX1_IRQHandler
                0x08002888                EXTI3_IRQHandler
                0x08002888                TIM8_TRG_COM_TIM14_IRQHandler
                0x08002888                TIM1_UP_TIM10_IRQHandler
                0x08002888                TIM8_UP_TIM13_IRQHandler
                0x08002888                I2C3_ER_IRQHandler
                0x08002888                EXTI0_IRQHandler
                0x08002888                I2C2_EV_IRQHandler
                0x08002888                DMA1_Stream2_IRQHandler
                0x08002888                CAN1_RX0_IRQHandler
                0x08002888                FPU_IRQHandler
                0x08002888                OTG_HS_WKUP_IRQHandler
                0x08002888                CAN2_SCE_IRQHandler
                0x08002888                DMA2_Stream2_IRQHandler
                0x08002888                SPI1_IRQHandler
                0x08002888                TIM1_BRK_TIM9_IRQHandler
                0x08002888                DCMI_IRQHandler
                0x08002888                CAN2_RX0_IRQHandler
                0x08002888                DMA2_Stream3_IRQHandler
                0x08002888                USART6_IRQHandler
                0x08002888                CAN1_RX1_IRQHandler
                0x08002888                UART5_IRQHandler
                0x08002888                DMA2_Stream0_IRQHandler
                0x08002888                TIM4_IRQHandler
                0x08002888                I2C1_EV_IRQHandler
                0x08002888                DMA1_Stream6_IRQHandler
                0x08002888                DMA1_Stream1_IRQHandler
                0x08002888                UART4_IRQHandler
                0x08002888                TIM3_IRQHandler
                0x08002888                RCC_IRQHandler
                0x08002888                TIM8_BRK_TIM12_IRQHandler
                0x08002888                Default_Handler
                0x08002888                EXTI15_10_IRQHandler
                0x08002888                ADC_IRQHandler
                0x08002888                DMA1_Stream7_IRQHandler
                0x08002888                CAN2_TX_IRQHandler
                0x08002888                TIM5_IRQHandler
                0x08002888                DMA2_Stream7_IRQHandler
                0x08002888                I2C3_EV_IRQHandler
                0x08002888                EXTI9_5_IRQHandler
                0x08002888                RTC_WKUP_IRQHandler
                0x08002888                ETH_WKUP_IRQHandler
                0x08002888                SPI2_IRQHandler
                0x08002888                OTG_HS_EP1_IN_IRQHandler
                0x08002888                DMA1_Stream0_IRQHandler
                0x08002888                CAN1_TX_IRQHandler
                0x08002888                EXTI4_IRQHandler
                0x08002888                FSMC_IRQHandler
                0x08002888                ETH_IRQHandler
                0x08002888                OTG_HS_EP1_OUT_IRQHandler
                0x08002888                WWDG_IRQHandler
                0x08002888                TIM2_IRQHandler
                0x08002888                OTG_FS_WKUP_IRQHandler
                0x08002888                TIM1_TRG_COM_TIM11_IRQHandler
                0x08002888                OTG_HS_IRQHandler
                0x08002888                EXTI1_IRQHandler
                0x08002888                USART2_IRQHandler
                0x08002888                I2C2_ER_IRQHandler
                0x08002888                DMA2_Stream1_IRQHandler
                0x08002888                CAN1_SCE_IRQHandler
                0x08002888                FLASH_IRQHandler
                0x08002888                DMA2_Stream4_IRQHandler
                0x08002888                USART1_IRQHandler
                0x08002888                OTG_FS_IRQHandler
                0x08002888                SPI3_IRQHandler
                0x08002888                DMA1_Stream4_IRQHandler
                0x08002888                I2C1_ER_IRQHandler
                0x08002888                DMA2_Stream6_IRQHandler
                0x08002888                DMA1_Stream3_IRQHandler
 *fill*         0x0800288a        0x2 
 .text.ST7735_enInit
                0x0800288c      0x2c8 C:\Users\Charly\Atollic\TrueSTUDIO\ARM_workspace_7.1\MicrofonoRevB\Src\libPrueba2.a(ST7735_Driver.o)
                0x0800288c                ST7735_enInit
 .text.ST7735_enReset
                0x08002b54       0x40 C:\Users\Charly\Atollic\TrueSTUDIO\ARM_workspace_7.1\MicrofonoRevB\Src\libPrueba2.a(ST7735_Driver.o)
                0x08002b54                ST7735_enReset
 .text.ST7735_enRegisterBSP
                0x08002b94       0x30 C:\Users\Charly\Atollic\TrueSTUDIO\ARM_workspace_7.1\MicrofonoRevB\Src\libPrueba2.a(ST7735_Driver.o)
                0x08002b94                ST7735_enRegisterBSP
 .text.ST7735_enFillDisplay
                0x08002bc4       0x3c C:\Users\Charly\Atollic\TrueSTUDIO\ARM_workspace_7.1\MicrofonoRevB\Src\libPrueba2.a(ST7735_Driver.o)
                0x08002bc4                ST7735_enFillDisplay
 .text.ST7735_enPrintStr
                0x08002c00       0x4c C:\Users\Charly\Atollic\TrueSTUDIO\ARM_workspace_7.1\MicrofonoRevB\Src\libPrueba2.a(ST7735_Driver.o)
                0x08002c00                ST7735_enPrintStr
 .text.ST7735__enWrite
                0x08002c4c       0x70 C:\Users\Charly\Atollic\TrueSTUDIO\ARM_workspace_7.1\MicrofonoRevB\Src\libPrueba2.a(ST7735_Driver.o)
 .text.ST7735__enMultipleWrite
                0x08002cbc       0x48 C:\Users\Charly\Atollic\TrueSTUDIO\ARM_workspace_7.1\MicrofonoRevB\Src\libPrueba2.a(ST7735_Driver.o)
 .text.ST7735__enRgbWrite
                0x08002d04       0x38 C:\Users\Charly\Atollic\TrueSTUDIO\ARM_workspace_7.1\MicrofonoRevB\Src\libPrueba2.a(ST7735_Driver.o)
 .text.ST7735__enSetDispWindow
                0x08002d3c       0xac C:\Users\Charly\Atollic\TrueSTUDIO\ARM_workspace_7.1\MicrofonoRevB\Src\libPrueba2.a(ST7735_Driver.o)
 .text.ST7735__enSetCursortoAddr
                0x08002de8       0x5c C:\Users\Charly\Atollic\TrueSTUDIO\ARM_workspace_7.1\MicrofonoRevB\Src\libPrueba2.a(ST7735_Driver.o)
 .text.ST7735__enDrawPixel
                0x08002e44       0x30 C:\Users\Charly\Atollic\TrueSTUDIO\ARM_workspace_7.1\MicrofonoRevB\Src\libPrueba2.a(ST7735_Driver.o)
 .text.ST7735_enPrintChar
                0x08002e74       0xb0 C:\Users\Charly\Atollic\TrueSTUDIO\ARM_workspace_7.1\MicrofonoRevB\Src\libPrueba2.a(ST7735_Driver.o)
 .text.__libc_init_array
                0x08002f24       0x4c c:/program files (x86)/atollic/truestudio for arm 7.1.1/armtools/bin/../lib/gcc/arm-atollic-eabi/5.3.1/../../../../arm-atollic-eabi/lib/armv7e-m/fpu\libc_nano.a(lib_a-init.o)
                0x08002f24                __libc_init_array
 .text.sprintf  0x08002f70       0x48 c:/program files (x86)/atollic/truestudio for arm 7.1.1/armtools/bin/../lib/gcc/arm-atollic-eabi/5.3.1/../../../../arm-atollic-eabi/lib/armv7e-m/fpu\libc_nano.a(lib_a-sprintf.o)
                0x08002f70                siprintf
                0x08002f70                sprintf
 .text.__ssputs_r
                0x08002fb8       0xb2 c:/program files (x86)/atollic/truestudio for arm 7.1.1/armtools/bin/../lib/gcc/arm-atollic-eabi/5.3.1/../../../../arm-atollic-eabi/lib/armv7e-m/fpu\libc_nano.a(lib_a-nano-svfprintf.o)
                0x08002fb8                __ssputs_r
 *fill*         0x0800306a        0x2 
 .text._svfprintf_r
                0x0800306c      0x1e8 c:/program files (x86)/atollic/truestudio for arm 7.1.1/armtools/bin/../lib/gcc/arm-atollic-eabi/5.3.1/../../../../arm-atollic-eabi/lib/armv7e-m/fpu\libc_nano.a(lib_a-nano-svfprintf.o)
                0x0800306c                _svfiprintf_r
                0x0800306c                _svfprintf_r
 .text._printf_common
                0x08003254       0xec c:/program files (x86)/atollic/truestudio for arm 7.1.1/armtools/bin/../lib/gcc/arm-atollic-eabi/5.3.1/../../../../arm-atollic-eabi/lib/armv7e-m/fpu\libc_nano.a(lib_a-nano-vfprintf_i.o)
                0x08003254                _printf_common
 .text._printf_i
                0x08003340      0x24c c:/program files (x86)/atollic/truestudio for arm 7.1.1/armtools/bin/../lib/gcc/arm-atollic-eabi/5.3.1/../../../../arm-atollic-eabi/lib/armv7e-m/fpu\libc_nano.a(lib_a-nano-vfprintf_i.o)
                0x08003340                _printf_i
 .text.memcpy   0x0800358c       0x16 c:/program files (x86)/atollic/truestudio for arm 7.1.1/armtools/bin/../lib/gcc/arm-atollic-eabi/5.3.1/../../../../arm-atollic-eabi/lib/armv7e-m/fpu\libc_nano.a(lib_a-memcpy-stub.o)
                0x0800358c                memcpy
 .text.memmove  0x080035a2       0x36 c:/program files (x86)/atollic/truestudio for arm 7.1.1/armtools/bin/../lib/gcc/arm-atollic-eabi/5.3.1/../../../../arm-atollic-eabi/lib/armv7e-m/fpu\libc_nano.a(lib_a-memmove.o)
                0x080035a2                memmove
 .text._free_r  0x080035d8       0x9c c:/program files (x86)/atollic/truestudio for arm 7.1.1/armtools/bin/../lib/gcc/arm-atollic-eabi/5.3.1/../../../../arm-atollic-eabi/lib/armv7e-m/fpu\libc_nano.a(lib_a-nano-freer.o)
                0x080035d8                _free_r
 .text._malloc_r
                0x08003674       0xbc c:/program files (x86)/atollic/truestudio for arm 7.1.1/armtools/bin/../lib/gcc/arm-atollic-eabi/5.3.1/../../../../arm-atollic-eabi/lib/armv7e-m/fpu\libc_nano.a(lib_a-nano-mallocr.o)
                0x08003674                _malloc_r
 .text._realloc_r
                0x08003730       0x4c c:/program files (x86)/atollic/truestudio for arm 7.1.1/armtools/bin/../lib/gcc/arm-atollic-eabi/5.3.1/../../../../arm-atollic-eabi/lib/armv7e-m/fpu\libc_nano.a(lib_a-nano-reallocr.o)
                0x08003730                _realloc_r
 .text._sbrk_r  0x0800377c       0x20 c:/program files (x86)/atollic/truestudio for arm 7.1.1/armtools/bin/../lib/gcc/arm-atollic-eabi/5.3.1/../../../../arm-atollic-eabi/lib/armv7e-m/fpu\libc_nano.a(lib_a-sbrkr.o)
                0x0800377c                _sbrk_r
 .text.__malloc_lock
                0x0800379c        0x2 c:/program files (x86)/atollic/truestudio for arm 7.1.1/armtools/bin/../lib/gcc/arm-atollic-eabi/5.3.1/../../../../arm-atollic-eabi/lib/armv7e-m/fpu\libc_nano.a(lib_a-mlock.o)
                0x0800379c                __malloc_lock
 .text.__malloc_unlock
                0x0800379e        0x2 c:/program files (x86)/atollic/truestudio for arm 7.1.1/armtools/bin/../lib/gcc/arm-atollic-eabi/5.3.1/../../../../arm-atollic-eabi/lib/armv7e-m/fpu\libc_nano.a(lib_a-mlock.o)
                0x0800379e                __malloc_unlock
 .text._malloc_usable_size_r
                0x080037a0       0x14 c:/program files (x86)/atollic/truestudio for arm 7.1.1/armtools/bin/../lib/gcc/arm-atollic-eabi/5.3.1/../../../../arm-atollic-eabi/lib/armv7e-m/fpu\libc_nano.a(lib_a-nano-msizer.o)
                0x080037a0                _malloc_usable_size_r
 .text._sbrk    0x080037b4       0x1c c:/program files (x86)/atollic/truestudio for arm 7.1.1/armtools/bin/../lib/gcc/arm-atollic-eabi/5.3.1/../../../../arm-atollic-eabi/lib/armv7e-m/fpu\libnosys.a(sbrk.o)
                0x080037b4                _sbrk
 *(.glue_7)
 .glue_7        0x080037d0        0x0 linker stubs
 *(.glue_7t)
 .glue_7t       0x080037d0        0x0 linker stubs
 *(.eh_frame)
 .eh_frame      0x080037d0        0x0 c:/program files (x86)/atollic/truestudio for arm 7.1.1/armtools/bin/../lib/gcc/arm-atollic-eabi/5.3.1/armv7e-m/fpu/crtbegin.o
 *(.init)
 .init          0x080037d0        0x4 c:/program files (x86)/atollic/truestudio for arm 7.1.1/armtools/bin/../lib/gcc/arm-atollic-eabi/5.3.1/armv7e-m/fpu/crti.o
                0x080037d0                _init
 .init          0x080037d4        0x8 c:/program files (x86)/atollic/truestudio for arm 7.1.1/armtools/bin/../lib/gcc/arm-atollic-eabi/5.3.1/armv7e-m/fpu/crtn.o
 *(.fini)
 .fini          0x080037dc        0x4 c:/program files (x86)/atollic/truestudio for arm 7.1.1/armtools/bin/../lib/gcc/arm-atollic-eabi/5.3.1/armv7e-m/fpu/crti.o
                0x080037dc                _fini
 .fini          0x080037e0        0x8 c:/program files (x86)/atollic/truestudio for arm 7.1.1/armtools/bin/../lib/gcc/arm-atollic-eabi/5.3.1/armv7e-m/fpu/crtn.o
                0x080037e8                . = ALIGN (0x4)
                0x080037e8                _etext = .

.vfp11_veneer   0x080037e8        0x0
 .vfp11_veneer  0x080037e8        0x0 linker stubs

.v4_bx          0x080037e8        0x0
 .v4_bx         0x080037e8        0x0 linker stubs

.iplt           0x080037e8        0x0
 .iplt          0x080037e8        0x0 c:/program files (x86)/atollic/truestudio for arm 7.1.1/armtools/bin/../lib/gcc/arm-atollic-eabi/5.3.1/armv7e-m/fpu/crtbegin.o

.rodata         0x080037e8      0x25c
                0x080037e8                . = ALIGN (0x4)
 *(.rodata)
 *(.rodata*)
 .rodata.flagBitshiftOffset.8040
                0x080037e8        0x8 Drivers\STM32F4xx_HAL_Driver\Src\stm32f4xx_hal_dma.o
 .rodata.str1.1
                0x080037f0        0x8 Src\main.o
 .rodata.str1.1
                0x080037f8       0x1b Src\stm32f4xx_hal_msp.o
 .rodata.AHBPrescTable
                0x08003813       0x10 Src\system_stm32f4xx.o
                0x08003813                AHBPrescTable
 .rodata.APBPrescTable
                0x08003823        0x8 Src\system_stm32f4xx.o
                0x08003823                APBPrescTable
 *fill*         0x0800382b        0x1 
 .rodata.rchStrFont
                0x0800382c      0x1e0 C:\Users\Charly\Atollic\TrueSTUDIO\ARM_workspace_7.1\MicrofonoRevB\Src\libPrueba2.a(ST7735_Fonts.o)
                0x0800382c                rchStrFont
 .rodata.str1.1
                0x08003a0c        0x2 c:/program files (x86)/atollic/truestudio for arm 7.1.1/armtools/bin/../lib/gcc/arm-atollic-eabi/5.3.1/../../../../arm-atollic-eabi/lib/armv7e-m/fpu\libc_nano.a(lib_a-impure.o)
 .rodata.str1.1
                0x08003a0e       0x11 c:/program files (x86)/atollic/truestudio for arm 7.1.1/armtools/bin/../lib/gcc/arm-atollic-eabi/5.3.1/../../../../arm-atollic-eabi/lib/armv7e-m/fpu\libc_nano.a(lib_a-nano-svfprintf.o)
 .rodata.str1.1
                0x08003a1f       0x22 c:/program files (x86)/atollic/truestudio for arm 7.1.1/armtools/bin/../lib/gcc/arm-atollic-eabi/5.3.1/../../../../arm-atollic-eabi/lib/armv7e-m/fpu\libc_nano.a(lib_a-nano-vfprintf_i.o)
                0x08003a44                . = ALIGN (0x4)
 *fill*         0x08003a41        0x3 

.rel.dyn        0x08003a44        0x0
 .rel.iplt      0x08003a44        0x0 c:/program files (x86)/atollic/truestudio for arm 7.1.1/armtools/bin/../lib/gcc/arm-atollic-eabi/5.3.1/armv7e-m/fpu/crtbegin.o

.ARM.extab
 *(.ARM.extab* .gnu.linkonce.armextab.*)

.ARM            0x08003a44        0x0
                0x08003a44                __exidx_start = .
 *(.ARM.exidx*)
                0x08003a44                __exidx_end = .

.preinit_array  0x08003a44        0x0
                0x08003a44                PROVIDE (__preinit_array_start, .)
 *(.preinit_array*)
                0x08003a44                PROVIDE (__preinit_array_end, .)

.init_array     0x08003a44        0x4
                0x08003a44                PROVIDE (__init_array_start, .)
 *(SORT(.init_array.*))
 *(.init_array*)
 .init_array    0x08003a44        0x4 c:/program files (x86)/atollic/truestudio for arm 7.1.1/armtools/bin/../lib/gcc/arm-atollic-eabi/5.3.1/armv7e-m/fpu/crtbegin.o
                0x08003a48                PROVIDE (__init_array_end, .)

.fini_array     0x08003a48        0x4
                [!provide]                PROVIDE (__fini_array_start, .)
 *(SORT(.fini_array.*))
 *(.fini_array*)
 .fini_array    0x08003a48        0x4 c:/program files (x86)/atollic/truestudio for arm 7.1.1/armtools/bin/../lib/gcc/arm-atollic-eabi/5.3.1/armv7e-m/fpu/crtbegin.o
                [!provide]                PROVIDE (__fini_array_end, .)
                0x08003a4c                _sidata = LOADADDR (.data)

.data           0x20000000       0x68 load address 0x08003a4c
                0x20000000                . = ALIGN (0x4)
                0x20000000                _sdata = .
 *(.data)
 *(.data*)
 .data.SystemCoreClock
                0x20000000        0x4 Src\system_stm32f4xx.o
                0x20000000                SystemCoreClock
 .data.impure_data
                0x20000004       0x60 c:/program files (x86)/atollic/truestudio for arm 7.1.1/armtools/bin/../lib/gcc/arm-atollic-eabi/5.3.1/../../../../arm-atollic-eabi/lib/armv7e-m/fpu\libc_nano.a(lib_a-impure.o)
 .data._impure_ptr
                0x20000064        0x4 c:/program files (x86)/atollic/truestudio for arm 7.1.1/armtools/bin/../lib/gcc/arm-atollic-eabi/5.3.1/../../../../arm-atollic-eabi/lib/armv7e-m/fpu\libc_nano.a(lib_a-impure.o)
                0x20000064                _impure_ptr
                0x20000068                . = ALIGN (0x4)
                0x20000068                _edata = .
                0x08003ab4                _siccmram = LOADADDR (.ccmram)

.igot.plt       0x20000068        0x0 load address 0x08003ab4
 .igot.plt      0x20000068        0x0 c:/program files (x86)/atollic/truestudio for arm 7.1.1/armtools/bin/../lib/gcc/arm-atollic-eabi/5.3.1/armv7e-m/fpu/crtbegin.o

.ccmram         0x10000000        0x0 load address 0x08003ab4
                0x10000000                . = ALIGN (0x4)
                0x10000000                _sccmram = .
 *(.ccmram)
 *(.ccmram*)
                0x10000000                . = ALIGN (0x4)
                0x10000000                _eccmram = .
                0x10000000                . = ALIGN (0x4)

.bss            0x20000068     0x29d0
                0x20000068                _sbss = .
                0x20000068                __bss_start__ = _sbss
 *(.bss)
 .bss           0x20000068       0x1c c:/program files (x86)/atollic/truestudio for arm 7.1.1/armtools/bin/../lib/gcc/arm-atollic-eabi/5.3.1/armv7e-m/fpu/crtbegin.o
 *(.bss*)
 .bss.i         0x20000084        0x4 Src\main.o
                0x20000084                i
 .bss.j         0x20000088        0x4 Src\main.o
                0x20000088                j
 .bss.k         0x2000008c        0x4 Src\main.o
                0x2000008c                k
 .bss.stBSPDvr  0x20000090        0x4 C:\Users\Charly\Atollic\TrueSTUDIO\ARM_workspace_7.1\MicrofonoRevB\Src\libPrueba2.a(ST7735_Driver.o)
 .bss.__malloc_sbrk_start
                0x20000094        0x4 c:/program files (x86)/atollic/truestudio for arm 7.1.1/armtools/bin/../lib/gcc/arm-atollic-eabi/5.3.1/../../../../arm-atollic-eabi/lib/armv7e-m/fpu\libc_nano.a(lib_a-nano-mallocr.o)
                0x20000094                __malloc_sbrk_start
 .bss.__malloc_free_list
                0x20000098        0x4 c:/program files (x86)/atollic/truestudio for arm 7.1.1/armtools/bin/../lib/gcc/arm-atollic-eabi/5.3.1/../../../../arm-atollic-eabi/lib/armv7e-m/fpu\libc_nano.a(lib_a-nano-mallocr.o)
                0x20000098                __malloc_free_list
 .bss.heap_end.4169
                0x2000009c        0x4 c:/program files (x86)/atollic/truestudio for arm 7.1.1/armtools/bin/../lib/gcc/arm-atollic-eabi/5.3.1/../../../../arm-atollic-eabi/lib/armv7e-m/fpu\libnosys.a(sbrk.o)
 *(COMMON)
 COMMON         0x200000a0        0x4 Drivers\STM32F4xx_HAL_Driver\Src\stm32f4xx_hal.o
                0x200000a0                uwTick
 COMMON         0x200000a4     0x2990 Src\main.o
                0x200000a4                fsegundo
                0x200010a4                ffiltrada2
                0x200010e4                huart3
                0x20001124                segundo8
                0x20001524                filtrada2
                0x20001544                hdma_dac1
                0x200015a4                filtrada
                0x200015c4                ffiltrada
                0x20001604                firStateF32
                0x20002804                dato
                0x20002808                hdac
                0x2000281c                buffer
                0x2000289c                htim6
                0x200028d8                hspi1
                0x20002930                segundo
                0x200029b0                htim7
                0x200029ec                hi2s2
 COMMON         0x20002a34        0x4 c:/program files (x86)/atollic/truestudio for arm 7.1.1/armtools/bin/../lib/gcc/arm-atollic-eabi/5.3.1/../../../../arm-atollic-eabi/lib/armv7e-m/fpu\libc_nano.a(lib_a-reent.o)
                0x20002a34                errno
                0x20002a38                . = ALIGN (0x4)
                0x20002a38                _ebss = .
                0x20002a38                __bss_end__ = _ebss

._user_heap_stack
                0x20002a38      0x600
                0x20002a38                . = ALIGN (0x4)
                0x20002a38                PROVIDE (end, .)
                [!provide]                PROVIDE (_end, .)
                0x20002c38                . = (. + _Min_Heap_Size)
 *fill*         0x20002a38      0x200 
                0x20003038                . = (. + _Min_Stack_Size)
 *fill*         0x20002c38      0x400 
                0x20003038                . = ALIGN (0x4)

/DISCARD/
 libc.a(*)
 libm.a(*)
 libgcc.a(*)

.ARM.attributes
                0x00000000       0x30
 *(.ARM.attributes)
 .ARM.attributes
                0x00000000       0x22 c:/program files (x86)/atollic/truestudio for arm 7.1.1/armtools/bin/../lib/gcc/arm-atollic-eabi/5.3.1/armv7e-m/fpu/crti.o
 .ARM.attributes
                0x00000022       0x34 c:/program files (x86)/atollic/truestudio for arm 7.1.1/armtools/bin/../lib/gcc/arm-atollic-eabi/5.3.1/armv7e-m/fpu/crtbegin.o
 .ARM.attributes
                0x00000056       0x39 Drivers\STM32F4xx_HAL_Driver\Src\stm32f4xx_hal.o
 .ARM.attributes
                0x0000008f       0x39 Drivers\STM32F4xx_HAL_Driver\Src\stm32f4xx_hal_cortex.o
 .ARM.attributes
                0x000000c8       0x39 Drivers\STM32F4xx_HAL_Driver\Src\stm32f4xx_hal_dac.o
 .ARM.attributes
                0x00000101       0x39 Drivers\STM32F4xx_HAL_Driver\Src\stm32f4xx_hal_dac_ex.o
 .ARM.attributes
                0x0000013a       0x39 Drivers\STM32F4xx_HAL_Driver\Src\stm32f4xx_hal_dma.o
 .ARM.attributes
                0x00000173       0x39 Drivers\STM32F4xx_HAL_Driver\Src\stm32f4xx_hal_gpio.o
 .ARM.attributes
                0x000001ac       0x39 Drivers\STM32F4xx_HAL_Driver\Src\stm32f4xx_hal_i2s.o
 .ARM.attributes
                0x000001e5       0x39 Drivers\STM32F4xx_HAL_Driver\Src\stm32f4xx_hal_i2s_ex.o
 .ARM.attributes
                0x0000021e       0x39 Drivers\STM32F4xx_HAL_Driver\Src\stm32f4xx_hal_rcc.o
 .ARM.attributes
                0x00000257       0x39 Drivers\STM32F4xx_HAL_Driver\Src\stm32f4xx_hal_rcc_ex.o
 .ARM.attributes
                0x00000290       0x39 Drivers\STM32F4xx_HAL_Driver\Src\stm32f4xx_hal_spi.o
 .ARM.attributes
                0x000002c9       0x39 Drivers\STM32F4xx_HAL_Driver\Src\stm32f4xx_hal_tim.o
 .ARM.attributes
                0x00000302       0x39 Drivers\STM32F4xx_HAL_Driver\Src\stm32f4xx_hal_tim_ex.o
 .ARM.attributes
                0x0000033b       0x39 Drivers\STM32F4xx_HAL_Driver\Src\stm32f4xx_hal_uart.o
 .ARM.attributes
                0x00000374       0x39 Src\main.o
 .ARM.attributes
                0x000003ad       0x39 Src\stm32f4xx_hal_msp.o
 .ARM.attributes
                0x000003e6       0x39 Src\stm32f4xx_it.o
 .ARM.attributes
                0x0000041f       0x39 Src\system_stm32f4xx.o
 .ARM.attributes
                0x00000458       0x21 startup\startup_stm32f407xx.o
 .ARM.attributes
                0x00000479       0x39 C:\Users\Charly\Atollic\TrueSTUDIO\ARM_workspace_7.1\MicrofonoRevB\Src\libPrueba2.a(ST7735_Driver.o)
 .ARM.attributes
                0x000004b2       0x39 C:\Users\Charly\Atollic\TrueSTUDIO\ARM_workspace_7.1\MicrofonoRevB\Src\libPrueba2.a(ST7735_Fonts.o)
 .ARM.attributes
                0x000004eb       0x34 c:/program files (x86)/atollic/truestudio for arm 7.1.1/armtools/bin/../lib/gcc/arm-atollic-eabi/5.3.1/../../../../arm-atollic-eabi/lib/armv7e-m/fpu\libc_nano.a(lib_a-init.o)
 .ARM.attributes
                0x0000051f       0x34 c:/program files (x86)/atollic/truestudio for arm 7.1.1/armtools/bin/../lib/gcc/arm-atollic-eabi/5.3.1/../../../../arm-atollic-eabi/lib/armv7e-m/fpu\libc_nano.a(lib_a-sprintf.o)
 .ARM.attributes
                0x00000553       0x34 c:/program files (x86)/atollic/truestudio for arm 7.1.1/armtools/bin/../lib/gcc/arm-atollic-eabi/5.3.1/../../../../arm-atollic-eabi/lib/armv7e-m/fpu\libc_nano.a(lib_a-impure.o)
 .ARM.attributes
                0x00000587       0x34 c:/program files (x86)/atollic/truestudio for arm 7.1.1/armtools/bin/../lib/gcc/arm-atollic-eabi/5.3.1/../../../../arm-atollic-eabi/lib/armv7e-m/fpu\libc_nano.a(lib_a-nano-svfprintf.o)
 .ARM.attributes
                0x000005bb       0x34 c:/program files (x86)/atollic/truestudio for arm 7.1.1/armtools/bin/../lib/gcc/arm-atollic-eabi/5.3.1/../../../../arm-atollic-eabi/lib/armv7e-m/fpu\libc_nano.a(lib_a-nano-vfprintf_i.o)
 .ARM.attributes
                0x000005ef       0x20 c:/program files (x86)/atollic/truestudio for arm 7.1.1/armtools/bin/../lib/gcc/arm-atollic-eabi/5.3.1/../../../../arm-atollic-eabi/lib/armv7e-m/fpu\libc_nano.a(lib_a-memchr.o)
 .ARM.attributes
                0x0000060f       0x34 c:/program files (x86)/atollic/truestudio for arm 7.1.1/armtools/bin/../lib/gcc/arm-atollic-eabi/5.3.1/../../../../arm-atollic-eabi/lib/armv7e-m/fpu\libc_nano.a(lib_a-memcpy-stub.o)
 .ARM.attributes
                0x00000643       0x34 c:/program files (x86)/atollic/truestudio for arm 7.1.1/armtools/bin/../lib/gcc/arm-atollic-eabi/5.3.1/../../../../arm-atollic-eabi/lib/armv7e-m/fpu\libc_nano.a(lib_a-memmove.o)
 .ARM.attributes
                0x00000677       0x34 c:/program files (x86)/atollic/truestudio for arm 7.1.1/armtools/bin/../lib/gcc/arm-atollic-eabi/5.3.1/../../../../arm-atollic-eabi/lib/armv7e-m/fpu\libc_nano.a(lib_a-nano-freer.o)
 .ARM.attributes
                0x000006ab       0x34 c:/program files (x86)/atollic/truestudio for arm 7.1.1/armtools/bin/../lib/gcc/arm-atollic-eabi/5.3.1/../../../../arm-atollic-eabi/lib/armv7e-m/fpu\libc_nano.a(lib_a-nano-mallocr.o)
 .ARM.attributes
                0x000006df       0x34 c:/program files (x86)/atollic/truestudio for arm 7.1.1/armtools/bin/../lib/gcc/arm-atollic-eabi/5.3.1/../../../../arm-atollic-eabi/lib/armv7e-m/fpu\libc_nano.a(lib_a-nano-reallocr.o)
 .ARM.attributes
                0x00000713       0x34 c:/program files (x86)/atollic/truestudio for arm 7.1.1/armtools/bin/../lib/gcc/arm-atollic-eabi/5.3.1/../../../../arm-atollic-eabi/lib/armv7e-m/fpu\libc_nano.a(lib_a-sbrkr.o)
 .ARM.attributes
                0x00000747       0x34 c:/program files (x86)/atollic/truestudio for arm 7.1.1/armtools/bin/../lib/gcc/arm-atollic-eabi/5.3.1/../../../../arm-atollic-eabi/lib/armv7e-m/fpu\libc_nano.a(lib_a-mlock.o)
 .ARM.attributes
                0x0000077b       0x34 c:/program files (x86)/atollic/truestudio for arm 7.1.1/armtools/bin/../lib/gcc/arm-atollic-eabi/5.3.1/../../../../arm-atollic-eabi/lib/armv7e-m/fpu\libc_nano.a(lib_a-nano-msizer.o)
 .ARM.attributes
                0x000007af       0x34 c:/program files (x86)/atollic/truestudio for arm 7.1.1/armtools/bin/../lib/gcc/arm-atollic-eabi/5.3.1/../../../../arm-atollic-eabi/lib/armv7e-m/fpu\libc_nano.a(lib_a-reent.o)
 .ARM.attributes
                0x000007e3       0x34 c:/program files (x86)/atollic/truestudio for arm 7.1.1/armtools/bin/../lib/gcc/arm-atollic-eabi/5.3.1/../../../../arm-atollic-eabi/lib/armv7e-m/fpu\libnosys.a(sbrk.o)
 .ARM.attributes
                0x00000817       0x22 c:/program files (x86)/atollic/truestudio for arm 7.1.1/armtools/bin/../lib/gcc/arm-atollic-eabi/5.3.1/armv7e-m/fpu/crtn.o
OUTPUT(MicrofonoRevB.elf elf32-littlearm)

.debug_info     0x00000000    0x12671
 .debug_info    0x00000000      0x915 Drivers\STM32F4xx_HAL_Driver\Src\stm32f4xx_hal.o
 .debug_info    0x00000915      0xefb Drivers\STM32F4xx_HAL_Driver\Src\stm32f4xx_hal_cortex.o
 .debug_info    0x00001810      0x987 Drivers\STM32F4xx_HAL_Driver\Src\stm32f4xx_hal_dac.o
 .debug_info    0x00002197      0x6dc Drivers\STM32F4xx_HAL_Driver\Src\stm32f4xx_hal_dac_ex.o
 .debug_info    0x00002873      0xa28 Drivers\STM32F4xx_HAL_Driver\Src\stm32f4xx_hal_dma.o
 .debug_info    0x0000329b      0x72d Drivers\STM32F4xx_HAL_Driver\Src\stm32f4xx_hal_gpio.o
 .debug_info    0x000039c8      0xe89 Drivers\STM32F4xx_HAL_Driver\Src\stm32f4xx_hal_i2s.o
 .debug_info    0x00004851      0xcc1 Drivers\STM32F4xx_HAL_Driver\Src\stm32f4xx_hal_i2s_ex.o
 .debug_info    0x00005512      0xcad Drivers\STM32F4xx_HAL_Driver\Src\stm32f4xx_hal_rcc.o
 .debug_info    0x000061bf      0x5ce Drivers\STM32F4xx_HAL_Driver\Src\stm32f4xx_hal_rcc_ex.o
 .debug_info    0x0000678d     0x1a89 Drivers\STM32F4xx_HAL_Driver\Src\stm32f4xx_hal_spi.o
 .debug_info    0x00008216     0x2ea6 Drivers\STM32F4xx_HAL_Driver\Src\stm32f4xx_hal_tim.o
 .debug_info    0x0000b0bc      0xf7b Drivers\STM32F4xx_HAL_Driver\Src\stm32f4xx_hal_tim_ex.o
 .debug_info    0x0000c037     0x1506 Drivers\STM32F4xx_HAL_Driver\Src\stm32f4xx_hal_uart.o
 .debug_info    0x0000d53d     0x22a6 Src\main.o
 .debug_info    0x0000f7e3     0x17d2 Src\stm32f4xx_hal_msp.o
 .debug_info    0x00010fb5      0xa82 Src\stm32f4xx_it.o
 .debug_info    0x00011a37      0x4fc Src\system_stm32f4xx.o
 .debug_info    0x00011f33       0x8e startup\startup_stm32f407xx.o
 .debug_info    0x00011fc1      0x602 C:\Users\Charly\Atollic\TrueSTUDIO\ARM_workspace_7.1\MicrofonoRevB\Src\libPrueba2.a(ST7735_Driver.o)
 .debug_info    0x000125c3       0xae C:\Users\Charly\Atollic\TrueSTUDIO\ARM_workspace_7.1\MicrofonoRevB\Src\libPrueba2.a(ST7735_Fonts.o)

.debug_abbrev   0x00000000     0x2f1b
 .debug_abbrev  0x00000000      0x26b Drivers\STM32F4xx_HAL_Driver\Src\stm32f4xx_hal.o
 .debug_abbrev  0x0000026b      0x32f Drivers\STM32F4xx_HAL_Driver\Src\stm32f4xx_hal_cortex.o
 .debug_abbrev  0x0000059a      0x24f Drivers\STM32F4xx_HAL_Driver\Src\stm32f4xx_hal_dac.o
 .debug_abbrev  0x000007e9      0x1e2 Drivers\STM32F4xx_HAL_Driver\Src\stm32f4xx_hal_dac_ex.o
 .debug_abbrev  0x000009cb      0x2dd Drivers\STM32F4xx_HAL_Driver\Src\stm32f4xx_hal_dma.o
 .debug_abbrev  0x00000ca8      0x1c8 Drivers\STM32F4xx_HAL_Driver\Src\stm32f4xx_hal_gpio.o
 .debug_abbrev  0x00000e70      0x2ec Drivers\STM32F4xx_HAL_Driver\Src\stm32f4xx_hal_i2s.o
 .debug_abbrev  0x0000115c      0x2be Drivers\STM32F4xx_HAL_Driver\Src\stm32f4xx_hal_i2s_ex.o
 .debug_abbrev  0x0000141a      0x30d Drivers\STM32F4xx_HAL_Driver\Src\stm32f4xx_hal_rcc.o
 .debug_abbrev  0x00001727      0x201 Drivers\STM32F4xx_HAL_Driver\Src\stm32f4xx_hal_rcc_ex.o
 .debug_abbrev  0x00001928      0x346 Drivers\STM32F4xx_HAL_Driver\Src\stm32f4xx_hal_spi.o
 .debug_abbrev  0x00001c6e      0x311 Drivers\STM32F4xx_HAL_Driver\Src\stm32f4xx_hal_tim.o
 .debug_abbrev  0x00001f7f      0x270 Drivers\STM32F4xx_HAL_Driver\Src\stm32f4xx_hal_tim_ex.o
 .debug_abbrev  0x000021ef      0x308 Drivers\STM32F4xx_HAL_Driver\Src\stm32f4xx_hal_uart.o
 .debug_abbrev  0x000024f7      0x390 Src\main.o
 .debug_abbrev  0x00002887      0x21a Src\stm32f4xx_hal_msp.o
 .debug_abbrev  0x00002aa1      0x1ad Src\stm32f4xx_it.o
 .debug_abbrev  0x00002c4e      0x101 Src\system_stm32f4xx.o
 .debug_abbrev  0x00002d4f       0x12 startup\startup_stm32f407xx.o
 .debug_abbrev  0x00002d61      0x168 C:\Users\Charly\Atollic\TrueSTUDIO\ARM_workspace_7.1\MicrofonoRevB\Src\libPrueba2.a(ST7735_Driver.o)
 .debug_abbrev  0x00002ec9       0x52 C:\Users\Charly\Atollic\TrueSTUDIO\ARM_workspace_7.1\MicrofonoRevB\Src\libPrueba2.a(ST7735_Fonts.o)

.debug_loc      0x00000000     0x9fcd
 .debug_loc     0x00000000       0x91 Drivers\STM32F4xx_HAL_Driver\Src\stm32f4xx_hal.o
 .debug_loc     0x00000091      0x4cc Drivers\STM32F4xx_HAL_Driver\Src\stm32f4xx_hal_cortex.o
 .debug_loc     0x0000055d      0x691 Drivers\STM32F4xx_HAL_Driver\Src\stm32f4xx_hal_dac.o
 .debug_loc     0x00000bee      0x25b Drivers\STM32F4xx_HAL_Driver\Src\stm32f4xx_hal_dac_ex.o
 .debug_loc     0x00000e49      0x740 Drivers\STM32F4xx_HAL_Driver\Src\stm32f4xx_hal_dma.o
 .debug_loc     0x00001589      0x374 Drivers\STM32F4xx_HAL_Driver\Src\stm32f4xx_hal_gpio.o
 .debug_loc     0x000018fd      0xca9 Drivers\STM32F4xx_HAL_Driver\Src\stm32f4xx_hal_i2s.o
 .debug_loc     0x000025a6      0x79e Drivers\STM32F4xx_HAL_Driver\Src\stm32f4xx_hal_i2s_ex.o
 .debug_loc     0x00002d44      0x485 Drivers\STM32F4xx_HAL_Driver\Src\stm32f4xx_hal_rcc.o
 .debug_loc     0x000031c9      0x28f Drivers\STM32F4xx_HAL_Driver\Src\stm32f4xx_hal_rcc_ex.o
 .debug_loc     0x00003458     0x181b Drivers\STM32F4xx_HAL_Driver\Src\stm32f4xx_hal_spi.o
 .debug_loc     0x00004c73     0x3146 Drivers\STM32F4xx_HAL_Driver\Src\stm32f4xx_hal_tim.o
 .debug_loc     0x00007db9      0x8ec Drivers\STM32F4xx_HAL_Driver\Src\stm32f4xx_hal_tim_ex.o
 .debug_loc     0x000086a5     0x13be Drivers\STM32F4xx_HAL_Driver\Src\stm32f4xx_hal_uart.o
 .debug_loc     0x00009a63      0x2e3 Src\main.o
 .debug_loc     0x00009d46      0x1b0 Src\stm32f4xx_hal_msp.o
 .debug_loc     0x00009ef6       0xd7 Src\system_stm32f4xx.o

.debug_aranges  0x00000000      0xd68
 .debug_aranges
                0x00000000       0xc0 Drivers\STM32F4xx_HAL_Driver\Src\stm32f4xx_hal.o
 .debug_aranges
                0x000000c0       0xa8 Drivers\STM32F4xx_HAL_Driver\Src\stm32f4xx_hal_cortex.o
 .debug_aranges
                0x00000168       0x98 Drivers\STM32F4xx_HAL_Driver\Src\stm32f4xx_hal_dac.o
 .debug_aranges
                0x00000200       0x58 Drivers\STM32F4xx_HAL_Driver\Src\stm32f4xx_hal_dac_ex.o
 .debug_aranges
                0x00000258       0x80 Drivers\STM32F4xx_HAL_Driver\Src\stm32f4xx_hal_dma.o
 .debug_aranges
                0x000002d8       0x58 Drivers\STM32F4xx_HAL_Driver\Src\stm32f4xx_hal_gpio.o
 .debug_aranges
                0x00000330       0xc8 Drivers\STM32F4xx_HAL_Driver\Src\stm32f4xx_hal_i2s.o
 .debug_aranges
                0x000003f8       0x58 Drivers\STM32F4xx_HAL_Driver\Src\stm32f4xx_hal_i2s_ex.o
 .debug_aranges
                0x00000450       0x80 Drivers\STM32F4xx_HAL_Driver\Src\stm32f4xx_hal_rcc.o
 .debug_aranges
                0x000004d0       0x38 Drivers\STM32F4xx_HAL_Driver\Src\stm32f4xx_hal_rcc_ex.o
 .debug_aranges
                0x00000508      0x180 Drivers\STM32F4xx_HAL_Driver\Src\stm32f4xx_hal_spi.o
 .debug_aranges
                0x00000688      0x250 Drivers\STM32F4xx_HAL_Driver\Src\stm32f4xx_hal_tim.o
 .debug_aranges
                0x000008d8       0xf0 Drivers\STM32F4xx_HAL_Driver\Src\stm32f4xx_hal_tim_ex.o
 .debug_aranges
                0x000009c8      0x170 Drivers\STM32F4xx_HAL_Driver\Src\stm32f4xx_hal_uart.o
 .debug_aranges
                0x00000b38       0x70 Src\main.o
 .debug_aranges
                0x00000ba8       0x70 Src\stm32f4xx_hal_msp.o
 .debug_aranges
                0x00000c18       0x68 Src\stm32f4xx_it.o
 .debug_aranges
                0x00000c80       0x28 Src\system_stm32f4xx.o
 .debug_aranges
                0x00000ca8       0x28 startup\startup_stm32f407xx.o
 .debug_aranges
                0x00000cd0       0x80 C:\Users\Charly\Atollic\TrueSTUDIO\ARM_workspace_7.1\MicrofonoRevB\Src\libPrueba2.a(ST7735_Driver.o)
 .debug_aranges
                0x00000d50       0x18 C:\Users\Charly\Atollic\TrueSTUDIO\ARM_workspace_7.1\MicrofonoRevB\Src\libPrueba2.a(ST7735_Fonts.o)

.debug_ranges   0x00000000     0x1190
 .debug_ranges  0x00000000       0xb0 Drivers\STM32F4xx_HAL_Driver\Src\stm32f4xx_hal.o
 .debug_ranges  0x000000b0      0x158 Drivers\STM32F4xx_HAL_Driver\Src\stm32f4xx_hal_cortex.o
 .debug_ranges  0x00000208       0x88 Drivers\STM32F4xx_HAL_Driver\Src\stm32f4xx_hal_dac.o
 .debug_ranges  0x00000290       0x48 Drivers\STM32F4xx_HAL_Driver\Src\stm32f4xx_hal_dac_ex.o
 .debug_ranges  0x000002d8       0xa8 Drivers\STM32F4xx_HAL_Driver\Src\stm32f4xx_hal_dma.o
 .debug_ranges  0x00000380       0x70 Drivers\STM32F4xx_HAL_Driver\Src\stm32f4xx_hal_gpio.o
 .debug_ranges  0x000003f0       0xe8 Drivers\STM32F4xx_HAL_Driver\Src\stm32f4xx_hal_i2s.o
 .debug_ranges  0x000004d8       0x78 Drivers\STM32F4xx_HAL_Driver\Src\stm32f4xx_hal_i2s_ex.o
 .debug_ranges  0x00000550      0x150 Drivers\STM32F4xx_HAL_Driver\Src\stm32f4xx_hal_rcc.o
 .debug_ranges  0x000006a0       0x70 Drivers\STM32F4xx_HAL_Driver\Src\stm32f4xx_hal_rcc_ex.o
 .debug_ranges  0x00000710      0x1d0 Drivers\STM32F4xx_HAL_Driver\Src\stm32f4xx_hal_spi.o
 .debug_ranges  0x000008e0      0x330 Drivers\STM32F4xx_HAL_Driver\Src\stm32f4xx_hal_tim.o
 .debug_ranges  0x00000c10       0xe0 Drivers\STM32F4xx_HAL_Driver\Src\stm32f4xx_hal_tim_ex.o
 .debug_ranges  0x00000cf0      0x178 Drivers\STM32F4xx_HAL_Driver\Src\stm32f4xx_hal_uart.o
 .debug_ranges  0x00000e68      0x118 Src\main.o
 .debug_ranges  0x00000f80      0x110 Src\stm32f4xx_hal_msp.o
 .debug_ranges  0x00001090       0x58 Src\stm32f4xx_it.o
 .debug_ranges  0x000010e8       0x18 Src\system_stm32f4xx.o
 .debug_ranges  0x00001100       0x20 startup\startup_stm32f407xx.o
 .debug_ranges  0x00001120       0x70 C:\Users\Charly\Atollic\TrueSTUDIO\ARM_workspace_7.1\MicrofonoRevB\Src\libPrueba2.a(ST7735_Driver.o)

.debug_line     0x00000000     0x6c14
 .debug_line    0x00000000      0x3c1 Drivers\STM32F4xx_HAL_Driver\Src\stm32f4xx_hal.o
 .debug_line    0x000003c1      0x42c Drivers\STM32F4xx_HAL_Driver\Src\stm32f4xx_hal_cortex.o
 .debug_line    0x000007ed      0x462 Drivers\STM32F4xx_HAL_Driver\Src\stm32f4xx_hal_dac.o
 .debug_line    0x00000c4f      0x2fc Drivers\STM32F4xx_HAL_Driver\Src\stm32f4xx_hal_dac_ex.o
 .debug_line    0x00000f4b      0x53e Drivers\STM32F4xx_HAL_Driver\Src\stm32f4xx_hal_dma.o
 .debug_line    0x00001489      0x3ca Drivers\STM32F4xx_HAL_Driver\Src\stm32f4xx_hal_gpio.o
 .debug_line    0x00001853      0x71b Drivers\STM32F4xx_HAL_Driver\Src\stm32f4xx_hal_i2s.o
 .debug_line    0x00001f6e      0x563 Drivers\STM32F4xx_HAL_Driver\Src\stm32f4xx_hal_i2s_ex.o
 .debug_line    0x000024d1      0x59a Drivers\STM32F4xx_HAL_Driver\Src\stm32f4xx_hal_rcc.o
 .debug_line    0x00002a6b      0x338 Drivers\STM32F4xx_HAL_Driver\Src\stm32f4xx_hal_rcc_ex.o
 .debug_line    0x00002da3      0xb02 Drivers\STM32F4xx_HAL_Driver\Src\stm32f4xx_hal_spi.o
 .debug_line    0x000038a5     0x1089 Drivers\STM32F4xx_HAL_Driver\Src\stm32f4xx_hal_tim.o
 .debug_line    0x0000492e      0x622 Drivers\STM32F4xx_HAL_Driver\Src\stm32f4xx_hal_tim_ex.o
 .debug_line    0x00004f50      0xb16 Drivers\STM32F4xx_HAL_Driver\Src\stm32f4xx_hal_uart.o
 .debug_line    0x00005a66      0x5e5 Src\main.o
 .debug_line    0x0000604b      0x3f1 Src\stm32f4xx_hal_msp.o
 .debug_line    0x0000643c      0x2ec Src\stm32f4xx_it.o
 .debug_line    0x00006728      0x1c3 Src\system_stm32f4xx.o
 .debug_line    0x000068eb       0x7f startup\startup_stm32f407xx.o
 .debug_line    0x0000696a      0x25d C:\Users\Charly\Atollic\TrueSTUDIO\ARM_workspace_7.1\MicrofonoRevB\Src\libPrueba2.a(ST7735_Driver.o)
 .debug_line    0x00006bc7       0x4d C:\Users\Charly\Atollic\TrueSTUDIO\ARM_workspace_7.1\MicrofonoRevB\Src\libPrueba2.a(ST7735_Fonts.o)

.debug_str      0x00000000     0x45ea
 .debug_str     0x00000000      0xa7e Drivers\STM32F4xx_HAL_Driver\Src\stm32f4xx_hal.o
                                0xade (size before relaxing)
 .debug_str     0x00000a7e      0x3d4 Drivers\STM32F4xx_HAL_Driver\Src\stm32f4xx_hal_cortex.o
                                0xc65 (size before relaxing)
 .debug_str     0x00000e52      0x525 Drivers\STM32F4xx_HAL_Driver\Src\stm32f4xx_hal_dac.o
                                0x78f (size before relaxing)
 .debug_str     0x00001377       0xed Drivers\STM32F4xx_HAL_Driver\Src\stm32f4xx_hal_dac_ex.o
                                0x69b (size before relaxing)
 .debug_str     0x00001464      0x2f5 Drivers\STM32F4xx_HAL_Driver\Src\stm32f4xx_hal_dma.o
                                0x7cc (size before relaxing)
 .debug_str     0x00001759      0x1d7 Drivers\STM32F4xx_HAL_Driver\Src\stm32f4xx_hal_gpio.o
                                0x536 (size before relaxing)
 .debug_str     0x00001930      0x3a1 Drivers\STM32F4xx_HAL_Driver\Src\stm32f4xx_hal_i2s.o
                                0x8ce (size before relaxing)
 .debug_str     0x00001cd1      0x19c Drivers\STM32F4xx_HAL_Driver\Src\stm32f4xx_hal_i2s_ex.o
                                0x853 (size before relaxing)
 .debug_str     0x00001e6d      0x2d2 Drivers\STM32F4xx_HAL_Driver\Src\stm32f4xx_hal_rcc.o
                                0x70d (size before relaxing)
 .debug_str     0x0000213f      0x132 Drivers\STM32F4xx_HAL_Driver\Src\stm32f4xx_hal_rcc_ex.o
                                0x4df (size before relaxing)
 .debug_str     0x00002271      0x53a Drivers\STM32F4xx_HAL_Driver\Src\stm32f4xx_hal_spi.o
                                0xafe (size before relaxing)
 .debug_str     0x000027ab      0xc61 Drivers\STM32F4xx_HAL_Driver\Src\stm32f4xx_hal_tim.o
                               0x1161 (size before relaxing)
 .debug_str     0x0000340c      0x43a Drivers\STM32F4xx_HAL_Driver\Src\stm32f4xx_hal_tim_ex.o
                                0xbb8 (size before relaxing)
 .debug_str     0x00003846      0x59f Drivers\STM32F4xx_HAL_Driver\Src\stm32f4xx_hal_uart.o
                                0xb57 (size before relaxing)
 .debug_str     0x00003de5      0x339 Src\main.o
                               0x1960 (size before relaxing)
 .debug_str     0x0000411e       0xe7 Src\stm32f4xx_hal_msp.o
                               0x13a5 (size before relaxing)
 .debug_str     0x00004205       0xcb Src\stm32f4xx_it.o
                                0xa14 (size before relaxing)
 .debug_str     0x000042d0       0x45 Src\system_stm32f4xx.o
                                0x3c6 (size before relaxing)
 .debug_str     0x00004315      0x2bf C:\Users\Charly\Atollic\TrueSTUDIO\ARM_workspace_7.1\MicrofonoRevB\Src\libPrueba2.a(ST7735_Driver.o)
                                0x49f (size before relaxing)
 .debug_str     0x000045d4       0x16 C:\Users\Charly\Atollic\TrueSTUDIO\ARM_workspace_7.1\MicrofonoRevB\Src\libPrueba2.a(ST7735_Fonts.o)
                                0x1c3 (size before relaxing)

.comment        0x00000000       0x7e
 .comment       0x00000000       0x7e Drivers\STM32F4xx_HAL_Driver\Src\stm32f4xx_hal.o
                                 0x7f (size before relaxing)
 .comment       0x0000007e       0x7f Drivers\STM32F4xx_HAL_Driver\Src\stm32f4xx_hal_cortex.o
 .comment       0x0000007e       0x7f Drivers\STM32F4xx_HAL_Driver\Src\stm32f4xx_hal_dac.o
 .comment       0x0000007e       0x7f Drivers\STM32F4xx_HAL_Driver\Src\stm32f4xx_hal_dac_ex.o
 .comment       0x0000007e       0x7f Drivers\STM32F4xx_HAL_Driver\Src\stm32f4xx_hal_dma.o
 .comment       0x0000007e       0x7f Drivers\STM32F4xx_HAL_Driver\Src\stm32f4xx_hal_gpio.o
 .comment       0x0000007e       0x7f Drivers\STM32F4xx_HAL_Driver\Src\stm32f4xx_hal_i2s.o
 .comment       0x0000007e       0x7f Drivers\STM32F4xx_HAL_Driver\Src\stm32f4xx_hal_i2s_ex.o
 .comment       0x0000007e       0x7f Drivers\STM32F4xx_HAL_Driver\Src\stm32f4xx_hal_rcc.o
 .comment       0x0000007e       0x7f Drivers\STM32F4xx_HAL_Driver\Src\stm32f4xx_hal_rcc_ex.o
 .comment       0x0000007e       0x7f Drivers\STM32F4xx_HAL_Driver\Src\stm32f4xx_hal_spi.o
 .comment       0x0000007e       0x7f Drivers\STM32F4xx_HAL_Driver\Src\stm32f4xx_hal_tim.o
 .comment       0x0000007e       0x7f Drivers\STM32F4xx_HAL_Driver\Src\stm32f4xx_hal_tim_ex.o
 .comment       0x0000007e       0x7f Drivers\STM32F4xx_HAL_Driver\Src\stm32f4xx_hal_uart.o
 .comment       0x0000007e       0x7f Src\main.o
 .comment       0x0000007e       0x7f Src\stm32f4xx_hal_msp.o
 .comment       0x0000007e       0x7f Src\stm32f4xx_it.o
 .comment       0x0000007e       0x7f Src\system_stm32f4xx.o
 .comment       0x0000007e       0x7f C:\Users\Charly\Atollic\TrueSTUDIO\ARM_workspace_7.1\MicrofonoRevB\Src\libPrueba2.a(ST7735_Driver.o)
 .comment       0x0000007e       0x7f C:\Users\Charly\Atollic\TrueSTUDIO\ARM_workspace_7.1\MicrofonoRevB\Src\libPrueba2.a(ST7735_Fonts.o)

.debug_frame    0x00000000     0x2b38
 .debug_frame   0x00000000      0x194 Drivers\STM32F4xx_HAL_Driver\Src\stm32f4xx_hal.o
 .debug_frame   0x00000194      0x150 Drivers\STM32F4xx_HAL_Driver\Src\stm32f4xx_hal_cortex.o
 .debug_frame   0x000002e4      0x1d8 Drivers\STM32F4xx_HAL_Driver\Src\stm32f4xx_hal_dac.o
 .debug_frame   0x000004bc       0xf0 Drivers\STM32F4xx_HAL_Driver\Src\stm32f4xx_hal_dac_ex.o
 .debug_frame   0x000005ac      0x150 Drivers\STM32F4xx_HAL_Driver\Src\stm32f4xx_hal_dma.o
 .debug_frame   0x000006fc       0xd4 Drivers\STM32F4xx_HAL_Driver\Src\stm32f4xx_hal_gpio.o
 .debug_frame   0x000007d0      0x27c Drivers\STM32F4xx_HAL_Driver\Src\stm32f4xx_hal_i2s.o
 .debug_frame   0x00000a4c      0x108 Drivers\STM32F4xx_HAL_Driver\Src\stm32f4xx_hal_i2s_ex.o
 .debug_frame   0x00000b54      0x138 Drivers\STM32F4xx_HAL_Driver\Src\stm32f4xx_hal_rcc.o
 .debug_frame   0x00000c8c       0x6c Drivers\STM32F4xx_HAL_Driver\Src\stm32f4xx_hal_rcc_ex.o
 .debug_frame   0x00000cf8      0x534 Drivers\STM32F4xx_HAL_Driver\Src\stm32f4xx_hal_spi.o
 .debug_frame   0x0000122c      0x854 Drivers\STM32F4xx_HAL_Driver\Src\stm32f4xx_hal_tim.o
 .debug_frame   0x00001a80      0x32c Drivers\STM32F4xx_HAL_Driver\Src\stm32f4xx_hal_tim_ex.o
 .debug_frame   0x00001dac      0x498 Drivers\STM32F4xx_HAL_Driver\Src\stm32f4xx_hal_uart.o
 .debug_frame   0x00002244      0x124 Src\main.o
 .debug_frame   0x00002368      0x144 Src\stm32f4xx_hal_msp.o
 .debug_frame   0x000024ac       0xf8 Src\stm32f4xx_it.o
 .debug_frame   0x000025a4       0x30 Src\system_stm32f4xx.o
 .debug_frame   0x000025d4      0x1f0 C:\Users\Charly\Atollic\TrueSTUDIO\ARM_workspace_7.1\MicrofonoRevB\Src\libPrueba2.a(ST7735_Driver.o)
 .debug_frame   0x000027c4       0x2c c:/program files (x86)/atollic/truestudio for arm 7.1.1/armtools/bin/../lib/gcc/arm-atollic-eabi/5.3.1/../../../../arm-atollic-eabi/lib/armv7e-m/fpu\libc_nano.a(lib_a-init.o)
 .debug_frame   0x000027f0       0x70 c:/program files (x86)/atollic/truestudio for arm 7.1.1/armtools/bin/../lib/gcc/arm-atollic-eabi/5.3.1/../../../../arm-atollic-eabi/lib/armv7e-m/fpu\libc_nano.a(lib_a-sprintf.o)
 .debug_frame   0x00002860       0x90 c:/program files (x86)/atollic/truestudio for arm 7.1.1/armtools/bin/../lib/gcc/arm-atollic-eabi/5.3.1/../../../../arm-atollic-eabi/lib/armv7e-m/fpu\libc_nano.a(lib_a-nano-svfprintf.o)
 .debug_frame   0x000028f0       0x60 c:/program files (x86)/atollic/truestudio for arm 7.1.1/armtools/bin/../lib/gcc/arm-atollic-eabi/5.3.1/../../../../arm-atollic-eabi/lib/armv7e-m/fpu\libc_nano.a(lib_a-nano-vfprintf_i.o)
 .debug_frame   0x00002950       0x28 c:/program files (x86)/atollic/truestudio for arm 7.1.1/armtools/bin/../lib/gcc/arm-atollic-eabi/5.3.1/../../../../arm-atollic-eabi/lib/armv7e-m/fpu\libc_nano.a(lib_a-memcpy-stub.o)
 .debug_frame   0x00002978       0x28 c:/program files (x86)/atollic/truestudio for arm 7.1.1/armtools/bin/../lib/gcc/arm-atollic-eabi/5.3.1/../../../../arm-atollic-eabi/lib/armv7e-m/fpu\libc_nano.a(lib_a-memmove.o)
 .debug_frame   0x000029a0       0x38 c:/program files (x86)/atollic/truestudio for arm 7.1.1/armtools/bin/../lib/gcc/arm-atollic-eabi/5.3.1/../../../../arm-atollic-eabi/lib/armv7e-m/fpu\libc_nano.a(lib_a-nano-freer.o)
 .debug_frame   0x000029d8       0x2c c:/program files (x86)/atollic/truestudio for arm 7.1.1/armtools/bin/../lib/gcc/arm-atollic-eabi/5.3.1/../../../../arm-atollic-eabi/lib/armv7e-m/fpu\libc_nano.a(lib_a-nano-mallocr.o)
 .debug_frame   0x00002a04       0x3c c:/program files (x86)/atollic/truestudio for arm 7.1.1/armtools/bin/../lib/gcc/arm-atollic-eabi/5.3.1/../../../../arm-atollic-eabi/lib/armv7e-m/fpu\libc_nano.a(lib_a-nano-reallocr.o)
 .debug_frame   0x00002a40       0x2c c:/program files (x86)/atollic/truestudio for arm 7.1.1/armtools/bin/../lib/gcc/arm-atollic-eabi/5.3.1/../../../../arm-atollic-eabi/lib/armv7e-m/fpu\libc_nano.a(lib_a-sbrkr.o)
 .debug_frame   0x00002a6c       0x30 c:/program files (x86)/atollic/truestudio for arm 7.1.1/armtools/bin/../lib/gcc/arm-atollic-eabi/5.3.1/../../../../arm-atollic-eabi/lib/armv7e-m/fpu\libc_nano.a(lib_a-mlock.o)
 .debug_frame   0x00002a9c       0x20 c:/program files (x86)/atollic/truestudio for arm 7.1.1/armtools/bin/../lib/gcc/arm-atollic-eabi/5.3.1/../../../../arm-atollic-eabi/lib/armv7e-m/fpu\libc_nano.a(lib_a-nano-msizer.o)
 .debug_frame   0x00002abc       0x5c c:/program files (x86)/atollic/truestudio for arm 7.1.1/armtools/bin/../lib/gcc/arm-atollic-eabi/5.3.1/../../../../arm-atollic-eabi/lib/armv7e-m/fpu\libc_nano.a(lib_a-reent.o)
 .debug_frame   0x00002b18       0x20 c:/program files (x86)/atollic/truestudio for arm 7.1.1/armtools/bin/../lib/gcc/arm-atollic-eabi/5.3.1/../../../../arm-atollic-eabi/lib/armv7e-m/fpu\libnosys.a(sbrk.o)
