stm32f4xx_hal_msp.c:51:6:HAL_MspInit	8	static
stm32f4xx_hal_msp.c:80:6:HAL_DAC_MspInit	40	static
stm32f4xx_hal_msp.c:129:6:HAL_DAC_MspDeInit	8	static
stm32f4xx_hal_msp.c:164:6:HAL_I2S_MspInit	40	static
stm32f4xx_hal_msp.c:209:6:HAL_I2S_MspDeInit	8	static
stm32f4xx_hal_msp.c:236:6:HAL_SPI_MspInit	32	static
stm32f4xx_hal_msp.c:267:6:HAL_SPI_MspDeInit	0	static
stm32f4xx_hal_msp.c:292:6:HAL_TIM_Base_MspInit	16	static
stm32f4xx_hal_msp.c:326:6:HAL_TIM_Base_MspDeInit	0	static
stm32f4xx_hal_msp.c:367:6:HAL_UART_MspInit	32	static
stm32f4xx_hal_msp.c:400:6:HAL_UART_MspDeInit	8	static
